Archive member included to satisfy reference by file (symbol)

c:/st/stm32cubeide_1.6.0/stm32cubeide/plugins/com.st.stm32cube.ide.mcu.externaltools.gnu-tools-for-stm32.9-2020-q2-update.win32_2.0.0.202105311346/tools/bin/../lib/gcc/arm-none-eabi/9.3.1/../../../../arm-none-eabi/lib/thumb/v7e-m+dp/hard\libc_nano.a(lib_a-errno.o)
                              ./Core/Src/syscalls.o (__errno)
c:/st/stm32cubeide_1.6.0/stm32cubeide/plugins/com.st.stm32cube.ide.mcu.externaltools.gnu-tools-for-stm32.9-2020-q2-update.win32_2.0.0.202105311346/tools/bin/../lib/gcc/arm-none-eabi/9.3.1/../../../../arm-none-eabi/lib/thumb/v7e-m+dp/hard\libc_nano.a(lib_a-exit.o)
                              c:/st/stm32cubeide_1.6.0/stm32cubeide/plugins/com.st.stm32cube.ide.mcu.externaltools.gnu-tools-for-stm32.9-2020-q2-update.win32_2.0.0.202105311346/tools/bin/../lib/gcc/arm-none-eabi/9.3.1/../../../../arm-none-eabi/lib/thumb/v7e-m+dp/hard/crt0.o (exit)
c:/st/stm32cubeide_1.6.0/stm32cubeide/plugins/com.st.stm32cube.ide.mcu.externaltools.gnu-tools-for-stm32.9-2020-q2-update.win32_2.0.0.202105311346/tools/bin/../lib/gcc/arm-none-eabi/9.3.1/../../../../arm-none-eabi/lib/thumb/v7e-m+dp/hard\libc_nano.a(lib_a-impure.o)
                              c:/st/stm32cubeide_1.6.0/stm32cubeide/plugins/com.st.stm32cube.ide.mcu.externaltools.gnu-tools-for-stm32.9-2020-q2-update.win32_2.0.0.202105311346/tools/bin/../lib/gcc/arm-none-eabi/9.3.1/../../../../arm-none-eabi/lib/thumb/v7e-m+dp/hard\libc_nano.a(lib_a-exit.o) (_global_impure_ptr)
c:/st/stm32cubeide_1.6.0/stm32cubeide/plugins/com.st.stm32cube.ide.mcu.externaltools.gnu-tools-for-stm32.9-2020-q2-update.win32_2.0.0.202105311346/tools/bin/../lib/gcc/arm-none-eabi/9.3.1/../../../../arm-none-eabi/lib/thumb/v7e-m+dp/hard\libc_nano.a(lib_a-init.o)
                              c:/st/stm32cubeide_1.6.0/stm32cubeide/plugins/com.st.stm32cube.ide.mcu.externaltools.gnu-tools-for-stm32.9-2020-q2-update.win32_2.0.0.202105311346/tools/bin/../lib/gcc/arm-none-eabi/9.3.1/../../../../arm-none-eabi/lib/thumb/v7e-m+dp/hard/crt0.o (__libc_init_array)
c:/st/stm32cubeide_1.6.0/stm32cubeide/plugins/com.st.stm32cube.ide.mcu.externaltools.gnu-tools-for-stm32.9-2020-q2-update.win32_2.0.0.202105311346/tools/bin/../lib/gcc/arm-none-eabi/9.3.1/../../../../arm-none-eabi/lib/thumb/v7e-m+dp/hard\libc_nano.a(lib_a-memset.o)
                              c:/st/stm32cubeide_1.6.0/stm32cubeide/plugins/com.st.stm32cube.ide.mcu.externaltools.gnu-tools-for-stm32.9-2020-q2-update.win32_2.0.0.202105311346/tools/bin/../lib/gcc/arm-none-eabi/9.3.1/../../../../arm-none-eabi/lib/thumb/v7e-m+dp/hard/crt0.o (memset)
c:/st/stm32cubeide_1.6.0/stm32cubeide/plugins/com.st.stm32cube.ide.mcu.externaltools.gnu-tools-for-stm32.9-2020-q2-update.win32_2.0.0.202105311346/tools/bin/../lib/gcc/arm-none-eabi/9.3.1/../../../../arm-none-eabi/lib/thumb/v7e-m+dp/hard\libc_nano.a(lib_a-nano-vfprintf_float.o)
                              (_printf_float)
c:/st/stm32cubeide_1.6.0/stm32cubeide/plugins/com.st.stm32cube.ide.mcu.externaltools.gnu-tools-for-stm32.9-2020-q2-update.win32_2.0.0.202105311346/tools/bin/../lib/gcc/arm-none-eabi/9.3.1/../../../../arm-none-eabi/lib/thumb/v7e-m+dp/hard\libc_nano.a(lib_a-nano-vfprintf_i.o)
                              c:/st/stm32cubeide_1.6.0/stm32cubeide/plugins/com.st.stm32cube.ide.mcu.externaltools.gnu-tools-for-stm32.9-2020-q2-update.win32_2.0.0.202105311346/tools/bin/../lib/gcc/arm-none-eabi/9.3.1/../../../../arm-none-eabi/lib/thumb/v7e-m+dp/hard\libc_nano.a(lib_a-nano-vfprintf_float.o) (_printf_common)
c:/st/stm32cubeide_1.6.0/stm32cubeide/plugins/com.st.stm32cube.ide.mcu.externaltools.gnu-tools-for-stm32.9-2020-q2-update.win32_2.0.0.202105311346/tools/bin/../lib/gcc/arm-none-eabi/9.3.1/../../../../arm-none-eabi/lib/thumb/v7e-m+dp/hard\libc_nano.a(lib_a-printf.o)
                              ./Core/Src/main.o (printf)
c:/st/stm32cubeide_1.6.0/stm32cubeide/plugins/com.st.stm32cube.ide.mcu.externaltools.gnu-tools-for-stm32.9-2020-q2-update.win32_2.0.0.202105311346/tools/bin/../lib/gcc/arm-none-eabi/9.3.1/../../../../arm-none-eabi/lib/thumb/v7e-m+dp/hard\libc_nano.a(lib_a-puts.o)
                              ./Core/Src/main.o (puts)
c:/st/stm32cubeide_1.6.0/stm32cubeide/plugins/com.st.stm32cube.ide.mcu.externaltools.gnu-tools-for-stm32.9-2020-q2-update.win32_2.0.0.202105311346/tools/bin/../lib/gcc/arm-none-eabi/9.3.1/../../../../arm-none-eabi/lib/thumb/v7e-m+dp/hard\libc_nano.a(lib_a-strlen.o)
                              c:/st/stm32cubeide_1.6.0/stm32cubeide/plugins/com.st.stm32cube.ide.mcu.externaltools.gnu-tools-for-stm32.9-2020-q2-update.win32_2.0.0.202105311346/tools/bin/../lib/gcc/arm-none-eabi/9.3.1/../../../../arm-none-eabi/lib/thumb/v7e-m+dp/hard\libc_nano.a(lib_a-nano-vfprintf_float.o) (strlen)
[...]
Memory Configuration

Name             Origin             Length             Attributes
FLASH            0x0000000008000000 0x0000000000200000 xr
DTCMRAM          0x0000000020000000 0x0000000000020000 xrw
RAM_D1           0x0000000024000000 0x0000000000080000 xrw
RAM_D2           0x0000000030000000 0x0000000000048000 xrw
RAM_D3           0x0000000038000000 0x0000000000010000 xrw
ITCMRAM          0x0000000000000000 0x0000000000010000 xrw
*default*        0x0000000000000000 0xffffffffffffffff

Linker script and memory map

LOAD c:/st/stm32cubeide_1.6.0/stm32cubeide/plugins/com.st.stm32cube.ide.mcu.externaltools.gnu-tools-for-stm32.9-2020-q2-update.win32_2.0.0.202105311346/tools/bin/../lib/gcc/arm-none-eabi/9.3.1/thumb/v7e-m+dp/hard/crti.o
LOAD c:/st/stm32cubeide_1.6.0/stm32cubeide/plugins/com.st.stm32cube.ide.mcu.externaltools.gnu-tools-for-stm32.9-2020-q2-update.win32_2.0.0.202105311346/tools/bin/../lib/gcc/arm-none-eabi/9.3.1/thumb/v7e-m+dp/hard/crtbegin.o
LOAD c:/st/stm32cubeide_1.6.0/stm32cubeide/plugins/com.st.stm32cube.ide.mcu.externaltools.gnu-tools-for-stm32.9-2020-q2-update.win32_2.0.0.202105311346/tools/bin/../lib/gcc/arm-none-eabi/9.3.1/../../../../arm-none-eabi/lib/thumb/v7e-m+dp/hard/crt0.o
LOAD ./Core/Src/FS_iA6B.o
LOAD ./Core/Src/MPU9250.o
LOAD ./Core/Src/MadgwickAHRS.o
LOAD ./Core/Src/main.o
LOAD ./Core/Src/stm32h7xx_hal_msp.o
LOAD ./Core/Src/stm32h7xx_it.o
LOAD ./Core/Src/syscalls.o
LOAD ./Core/Src/sysmem.o
LOAD ./Core/Src/system_stm32h7xx.o
LOAD ./Core/Src/w25qxx.o
LOAD ./Core/Startup/startup_stm32h743vitx.o
LOAD ./Drivers/STM32H7xx_HAL_Driver/Src/stm32h7xx_hal.o
LOAD ./Drivers/STM32H7xx_HAL_Driver/Src/stm32h7xx_hal_cortex.o
LOAD ./Drivers/STM32H7xx_HAL_Driver/Src/stm32h7xx_hal_dma.o
LOAD ./Drivers/STM32H7xx_HAL_Driver/Src/stm32h7xx_hal_dma_ex.o
LOAD ./Drivers/STM32H7xx_HAL_Driver/Src/stm32h7xx_hal_exti.o
LOAD ./Drivers/STM32H7xx_HAL_Driver/Src/stm32h7xx_hal_flash.o
LOAD ./Drivers/STM32H7xx_HAL_Driver/Src/stm32h7xx_hal_flash_ex.o
LOAD ./Drivers/STM32H7xx_HAL_Driver/Src/stm32h7xx_hal_gpio.o
LOAD ./Drivers/STM32H7xx_HAL_Driver/Src/stm32h7xx_hal_hsem.o
LOAD ./Drivers/STM32H7xx_HAL_Driver/Src/stm32h7xx_hal_i2c.o
LOAD ./Drivers/STM32H7xx_HAL_Driver/Src/stm32h7xx_hal_i2c_ex.o
LOAD ./Drivers/STM32H7xx_HAL_Driver/Src/stm32h7xx_hal_mdma.o
LOAD ./Drivers/STM32H7xx_HAL_Driver/Src/stm32h7xx_hal_pwr.o
LOAD ./Drivers/STM32H7xx_HAL_Driver/Src/stm32h7xx_hal_pwr_ex.o
LOAD ./Drivers/STM32H7xx_HAL_Driver/Src/stm32h7xx_hal_rcc.o
LOAD ./Drivers/STM32H7xx_HAL_Driver/Src/stm32h7xx_hal_rcc_ex.o
LOAD ./Drivers/STM32H7xx_HAL_Driver/Src/stm32h7xx_hal_spi.o
LOAD ./Drivers/STM32H7xx_HAL_Driver/Src/stm32h7xx_hal_spi_ex.o
LOAD ./Drivers/STM32H7xx_HAL_Driver/Src/stm32h7xx_hal_tim.o
LOAD ./Drivers/STM32H7xx_HAL_Driver/Src/stm32h7xx_hal_tim_ex.o
LOAD ./Drivers/STM32H7xx_HAL_Driver/Src/stm32h7xx_hal_uart.o
LOAD ./Drivers/STM32H7xx_HAL_Driver/Src/stm32h7xx_hal_uart_ex.o
START GROUP
LOAD c:/st/stm32cubeide_1.6.0/stm32cubeide/plugins/com.st.stm32cube.ide.mcu.externaltools.gnu-tools-for-stm32.9-2020-q2-update.win32_2.0.0.202105311346/tools/bin/../lib/gcc/arm-none-eabi/9.3.1/../../../../arm-none-eabi/lib/thumb/v7e-m+dp/hard\libc_nano.a
LOAD c:/st/stm32cubeide_1.6.0/stm32cubeide/plugins/com.st.stm32cube.ide.mcu.externaltools.gnu-tools-for-stm32.9-2020-q2-update.win32_2.0.0.202105311346/tools/bin/../lib/gcc/arm-none-eabi/9.3.1/../../../../arm-none-eabi/lib/thumb/v7e-m+dp/hard\libm.a
END GROUP
START GROUP
LOAD c:/st/stm32cubeide_1.6.0/stm32cubeide/plugins/com.st.stm32cube.ide.mcu.externaltools.gnu-tools-for-stm32.9-2020-q2-update.win32_2.0.0.202105311346/tools/bin/../lib/gcc/arm-none-eabi/9.3.1/thumb/v7e-m+dp/hard\libgcc.a
LOAD c:/st/stm32cubeide_1.6.0/stm32cubeide/plugins/com.st.stm32cube.ide.mcu.externaltools.gnu-tools-for-stm32.9-2020-q2-update.win32_2.0.0.202105311346/tools/bin/../lib/gcc/arm-none-eabi/9.3.1/../../../../arm-none-eabi/lib/thumb/v7e-m+dp/hard\libc_nano.a
END GROUP
START GROUP
LOAD c:/st/stm32cubeide_1.6.0/stm32cubeide/plugins/com.st.stm32cube.ide.mcu.externaltools.gnu-tools-for-stm32.9-2020-q2-update.win32_2.0.0.202105311346/tools/bin/../lib/gcc/arm-none-eabi/9.3.1/thumb/v7e-m+dp/hard\libgcc.a
LOAD c:/st/stm32cubeide_1.6.0/stm32cubeide/plugins/com.st.stm32cube.ide.mcu.externaltools.gnu-tools-for-stm32.9-2020-q2-update.win32_2.0.0.202105311346/tools/bin/../lib/gcc/arm-none-eabi/9.3.1/../../../../arm-none-eabi/lib/thumb/v7e-m+dp/hard\libc_nano.a
LOAD c:/st/stm32cubeide_1.6.0/stm32cubeide/plugins/com.st.stm32cube.ide.mcu.externaltools.gnu-tools-for-stm32.9-2020-q2-update.win32_2.0.0.202105311346/tools/bin/../lib/gcc/arm-none-eabi/9.3.1/../../../../arm-none-eabi/lib/thumb/v7e-m+dp/hard\libnosys.a
END GROUP
START GROUP
LOAD c:/st/stm32cubeide_1.6.0/stm32cubeide/plugins/com.st.stm32cube.ide.mcu.externaltools.gnu-tools-for-stm32.9-2020-q2-update.win32_2.0.0.202105311346/tools/bin/../lib/gcc/arm-none-eabi/9.3.1/thumb/v7e-m+dp/hard\libgcc.a
LOAD c:/st/stm32cubeide_1.6.0/stm32cubeide/plugins/com.st.stm32cube.ide.mcu.externaltools.gnu-tools-for-stm32.9-2020-q2-update.win32_2.0.0.202105311346/tools/bin/../lib/gcc/arm-none-eabi/9.3.1/../../../../arm-none-eabi/lib/thumb/v7e-m+dp/hard\libc_nano.a
LOAD c:/st/stm32cubeide_1.6.0/stm32cubeide/plugins/com.st.stm32cube.ide.mcu.externaltools.gnu-tools-for-stm32.9-2020-q2-update.win32_2.0.0.202105311346/tools/bin/../lib/gcc/arm-none-eabi/9.3.1/../../../../arm-none-eabi/lib/thumb/v7e-m+dp/hard\libnosys.a
END GROUP
LOAD c:/st/stm32cubeide_1.6.0/stm32cubeide/plugins/com.st.stm32cube.ide.mcu.externaltools.gnu-tools-for-stm32.9-2020-q2-update.win32_2.0.0.202105311346/tools/bin/../lib/gcc/arm-none-eabi/9.3.1/thumb/v7e-m+dp/hard/crtend.o
LOAD c:/st/stm32cubeide_1.6.0/stm32cubeide/plugins/com.st.stm32cube.ide.mcu.externaltools.gnu-tools-for-stm32.9-2020-q2-update.win32_2.0.0.202105311346/tools/bin/../lib/gcc/arm-none-eabi/9.3.1/thumb/v7e-m+dp/hard/crtn.o
                0x0000000024080000                _estack = (ORIGIN (RAM_D1) + LENGTH (RAM_D1))
                0x0000000000000200                _Min_Heap_Size = 0x200
                0x0000000000000400                _Min_Stack_Size = 0x400

.isr_vector     0x0000000008000000      0x298
                0x0000000008000000                . = ALIGN (0x4)
 *(.isr_vector)
 .isr_vector    0x0000000008000000      0x298 ./Core/Startup/startup_stm32h743vitx.o
                0x0000000008000000                g_pfnVectors
                0x0000000008000298                . = ALIGN (0x4)

.text           0x00000000080002a0    0x14314
                0x00000000080002a0                . = ALIGN (0x4)
 *(.text)
 .text          0x00000000080002a0       0x40 c:/st/stm32cubeide_1.6.0/stm32cubeide/plugins/com.st.stm32cube.ide.mcu.externaltools.gnu-tools-for-stm32.9-2020-q2-update.win32_2.0.0.202105311346/tools/bin/../lib/gcc/arm-none-eabi/9.3.1/thumb/v7e-m+dp/hard/crtbegin.o
 .text          0x00000000080002e0       0x10 c:/st/stm32cubeide_1.6.0/stm32cubeide/plugins/com.st.stm32cube.ide.mcu.externaltools.gnu-tools-for-stm32.9-2020-q2-update.win32_2.0.0.202105311346/tools/bin/../lib/gcc/arm-none-eabi/9.3.1/../../../../arm-none-eabi/lib/thumb/v7e-m+dp/hard\libc_nano.a(lib_a-strlen.o)
                0x00000000080002e0                strlen
 .text          0x00000000080002f0       0xa0 c:/st/stm32cubeide_1.6.0/stm32cubeide/plugins/com.st.stm32cube.ide.mcu.externaltools.gnu-tools-for-stm32.9-2020-q2-update.win32_2.0.0.202105311346/tools/bin/../lib/gcc/arm-none-eabi/9.3.1/../../../../arm-none-eabi/lib/thumb/v7e-m+dp/hard\libc_nano.a(lib_a-memchr.o)
                0x00000000080002f0                memchr
 .text          0x0000000008000390       0x30 c:/st/stm32cubeide_1.6.0/stm32cubeide/plugins/com.st.stm32cube.ide.mcu.externaltools.gnu-tools-for-stm32.9-2020-q2-update.win32_2.0.0.202105311346/tools/bin/../lib/gcc/arm-none-eabi/9.3.1/thumb/v7e-m+dp/hard\libgcc.a(_aeabi_uldivmod.o)
                0x0000000008000390                __aeabi_uldivmod
 .text          0x00000000080003c0      0x2c4 c:/st/stm32cubeide_1.6.0/stm32cubeide/plugins/com.st.stm32cube.ide.mcu.externaltools.gnu-tools-for-stm32.9-2020-q2-update.win32_2.0.0.202105311346/tools/bin/../lib/gcc/arm-none-eabi/9.3.1/thumb/v7e-m+dp/hard\libgcc.a(_udivmoddi4.o)
                0x00000000080003c0                __udivmoddi4
 .text          0x0000000008000684        0x4 c:/st/stm32cubeide_1.6.0/stm32cubeide/plugins/com.st.stm32cube.ide.mcu.externaltools.gnu-tools-for-stm32.9-2020-q2-update.win32_2.0.0.202105311346/tools/bin/../lib/gcc/arm-none-eabi/9.3.1/thumb/v7e-m+dp/hard\libgcc.a(_dvmd_tls.o)
                0x0000000008000684                __aeabi_idiv0
                0x0000000008000684                __aeabi_ldiv0
 *(.text*)
 .text.iBus_Check_CHKSUM
                0x0000000008000688       0x6e ./Core/Src/FS_iA6B.o
                0x0000000008000688                iBus_Check_CHKSUM
 .text.iBus_Parsing
                0x00000000080006f6      0x178 ./Core/Src/FS_iA6B.o
                0x00000000080006f6                iBus_Parsing
 .text.iBus_isActiveFailSafe
                0x000000000800086e       0x22 ./Core/Src/FS_iA6B.o
                0x000000000800086e                iBus_isActiveFailSafe
 .text.MPU9250_Init
                0x0000000008000890      0x1d0 ./Core/Src/MPU9250.o
                0x0000000008000890                MPU9250_Init
 .text.MPU9250_Bypass
                0x0000000008000a60       0x5c ./Core/Src/MPU9250.o
                0x0000000008000a60                MPU9250_Bypass
 .text.MPU9250_Master
                0x0000000008000abc       0xa4 ./Core/Src/MPU9250.o
                0x0000000008000abc                MPU9250_Master
 .text.MPU9250_AK8963_Setup
                0x0000000008000b60       0xac ./Core/Src/MPU9250.o
                0x0000000008000b60                MPU9250_AK8963_Setup
 .text.MPU9250_Slave0_Enable
                0x0000000008000c0c       0x80 ./Core/Src/MPU9250.o
                0x0000000008000c0c                MPU9250_Slave0_Enable
 .text.MPU9250_Read_All
                0x0000000008000c8c       0x28 ./Core/Src/MPU9250.o
                0x0000000008000c8c                MPU9250_Read_All
 *fill*         0x0000000008000cb4        0x4 
 .text.MPU9250_Parsing
                0x0000000008000cb8      0x354 ./Core/Src/MPU9250.o
                0x0000000008000cb8                MPU9250_Parsing
 *fill*         0x000000000800100c        0x4 
 .text.MPU9250_Parsing_NoOffset
                0x0000000008001010      0x2d4 ./Core/Src/MPU9250.o
                0x0000000008001010                MPU9250_Parsing_NoOffset
 .text.MadgwickAHRSupdate
                0x00000000080012e4     0x101c ./Core/Src/MadgwickAHRS.o
                0x00000000080012e4                MadgwickAHRSupdate
 .text.MadgwickAHRSupdateIMU
                0x0000000008002300      0x85c ./Core/Src/MadgwickAHRS.o
                0x0000000008002300                MadgwickAHRSupdateIMU
 .text.invSqrt  0x0000000008002b5c       0x78 ./Core/Src/MadgwickAHRS.o
                0x0000000008002b5c                invSqrt
 .text._write   0x0000000008002bd4       0x28 ./Core/Src/main.o
                0x0000000008002bd4                _write
 .text.main     0x0000000008002bfc      0x6c4 ./Core/Src/main.o
                0x0000000008002bfc                main
 .text.SystemClock_Config
                0x00000000080032c0       0xfc ./Core/Src/main.o
                0x00000000080032c0                SystemClock_Config
 .text.PeriphCommonClock_Config
                0x00000000080033bc       0x36 ./Core/Src/main.o
                0x00000000080033bc                PeriphCommonClock_Config
 *fill*         0x00000000080033f2        0x2 
 .text.MX_I2C1_Init
                0x00000000080033f4       0x80 ./Core/Src/main.o
 .text.MX_SPI1_Init
                0x0000000008003474       0xac ./Core/Src/main.o
 .text.MX_TIM3_Init
                0x0000000008003520      0x130 ./Core/Src/main.o
 .text.MX_TIM7_Init
                0x0000000008003650       0x6c ./Core/Src/main.o
 .text.MX_USART1_UART_Init
                0x00000000080036bc       0x98 ./Core/Src/main.o
 .text.MX_USART2_UART_Init
                0x0000000008003754       0x98 ./Core/Src/main.o
 .text.MX_DMA_Init
                0x00000000080037ec       0x70 ./Core/Src/main.o
 .text.MX_GPIO_Init
                0x000000000800385c      0x138 ./Core/Src/main.o
 .text.Compass_Calibration
                0x0000000008003994      0x1dc ./Core/Src/main.o
                0x0000000008003994                Compass_Calibration
 .text.ESC_Calibration
                0x0000000008003b70       0x5c ./Core/Src/main.o
                0x0000000008003b70                ESC_Calibration
 .text.Error_Handler
                0x0000000008003bcc        0xa ./Core/Src/main.o
                0x0000000008003bcc                Error_Handler
 *fill*         0x0000000008003bd6        0x2 
 .text.HAL_MspInit
                0x0000000008003bd8       0x34 ./Core/Src/stm32h7xx_hal_msp.o
                0x0000000008003bd8                HAL_MspInit
 .text.HAL_I2C_MspInit
                0x0000000008003c0c      0x13c ./Core/Src/stm32h7xx_hal_msp.o
                0x0000000008003c0c                HAL_I2C_MspInit
 .text.HAL_SPI_MspInit
                0x0000000008003d48       0xcc ./Core/Src/stm32h7xx_hal_msp.o
                0x0000000008003d48                HAL_SPI_MspInit
 .text.HAL_TIM_Base_MspInit
                0x0000000008003e14       0x90 ./Core/Src/stm32h7xx_hal_msp.o
                0x0000000008003e14                HAL_TIM_Base_MspInit
 .text.HAL_TIM_MspPostInit
                0x0000000008003ea4       0xb8 ./Core/Src/stm32h7xx_hal_msp.o
                0x0000000008003ea4                HAL_TIM_MspPostInit
 .text.HAL_UART_MspInit
                0x0000000008003f5c      0x2b0 ./Core/Src/stm32h7xx_hal_msp.o
                0x0000000008003f5c                HAL_UART_MspInit
 .text.NMI_Handler
                0x000000000800420c        0x6 ./Core/Src/stm32h7xx_it.o
                0x000000000800420c                NMI_Handler
 .text.HardFault_Handler
                0x0000000008004212        0x6 ./Core/Src/stm32h7xx_it.o
                0x0000000008004212                HardFault_Handler
 .text.MemManage_Handler
                0x0000000008004218        0x6 ./Core/Src/stm32h7xx_it.o
                0x0000000008004218                MemManage_Handler
 .text.BusFault_Handler
                0x000000000800421e        0x6 ./Core/Src/stm32h7xx_it.o
                0x000000000800421e                BusFault_Handler
 .text.UsageFault_Handler
                0x0000000008004224        0x6 ./Core/Src/stm32h7xx_it.o
                0x0000000008004224                UsageFault_Handler
 .text.SVC_Handler
                0x000000000800422a        0xe ./Core/Src/stm32h7xx_it.o
                0x000000000800422a                SVC_Handler
 .text.DebugMon_Handler
                0x0000000008004238        0xe ./Core/Src/stm32h7xx_it.o
                0x0000000008004238                DebugMon_Handler
 .text.PendSV_Handler
                0x0000000008004246        0xe ./Core/Src/stm32h7xx_it.o
                0x0000000008004246                PendSV_Handler
 .text.SysTick_Handler
                0x0000000008004254        0xc ./Core/Src/stm32h7xx_it.o
                0x0000000008004254                SysTick_Handler
 .text.DMA1_Stream0_IRQHandler
                0x0000000008004260       0x14 ./Core/Src/stm32h7xx_it.o
                0x0000000008004260                DMA1_Stream0_IRQHandler
 .text.DMA1_Stream1_IRQHandler
                0x0000000008004274       0x14 ./Core/Src/stm32h7xx_it.o
                0x0000000008004274                DMA1_Stream1_IRQHandler
 .text.DMA1_Stream2_IRQHandler
                0x0000000008004288       0x14 ./Core/Src/stm32h7xx_it.o
                0x0000000008004288                DMA1_Stream2_IRQHandler
 .text.DMA1_Stream3_IRQHandler
                0x000000000800429c       0x14 ./Core/Src/stm32h7xx_it.o
                0x000000000800429c                DMA1_Stream3_IRQHandler
 .text.TIM3_IRQHandler
                0x00000000080042b0       0x14 ./Core/Src/stm32h7xx_it.o
                0x00000000080042b0                TIM3_IRQHandler
 .text.I2C1_EV_IRQHandler
                0x00000000080042c4       0x14 ./Core/Src/stm32h7xx_it.o
                0x00000000080042c4                I2C1_EV_IRQHandler
 .text.USART1_IRQHandler
                0x00000000080042d8       0x14 ./Core/Src/stm32h7xx_it.o
                0x00000000080042d8                USART1_IRQHandler
 .text.USART2_IRQHandler
                0x00000000080042ec       0x14 ./Core/Src/stm32h7xx_it.o
                0x00000000080042ec                USART2_IRQHandler
 .text.TIM7_IRQHandler
                0x0000000008004300       0x14 ./Core/Src/stm32h7xx_it.o
                0x0000000008004300                TIM7_IRQHandler
 .text.HAL_TIM_PeriodElapsedCallback
                0x0000000008004314       0x94 ./Core/Src/stm32h7xx_it.o
                0x0000000008004314                HAL_TIM_PeriodElapsedCallback
 .text.HAL_UART_RxCpltCallback
                0x00000000080043a8       0xfc ./Core/Src/stm32h7xx_it.o
                0x00000000080043a8                HAL_UART_RxCpltCallback
 .text.Receive_Command
                0x00000000080044a4       0xf0 ./Core/Src/stm32h7xx_it.o
                0x00000000080044a4                Receive_Command
 .text.Is_iBus_Received
                0x0000000008004594       0x74 ./Core/Src/stm32h7xx_it.o
                0x0000000008004594                Is_iBus_Received
 .text.Is_Throttle_Min
                0x0000000008004608       0x58 ./Core/Src/stm32h7xx_it.o
                0x0000000008004608                Is_Throttle_Min
 .text._getpid  0x0000000008004660       0x10 ./Core/Src/syscalls.o
                0x0000000008004660                _getpid
 .text._kill    0x0000000008004670       0x20 ./Core/Src/syscalls.o
                0x0000000008004670                _kill
 .text._exit    0x0000000008004690       0x14 ./Core/Src/syscalls.o
                0x0000000008004690                _exit
 .text._read    0x00000000080046a4       0x3a ./Core/Src/syscalls.o
                0x00000000080046a4                _read
 .text._close   0x00000000080046de       0x18 ./Core/Src/syscalls.o
                0x00000000080046de                _close
 .text._fstat   0x00000000080046f6       0x20 ./Core/Src/syscalls.o
                0x00000000080046f6                _fstat
 .text._isatty  0x0000000008004716       0x16 ./Core/Src/syscalls.o
                0x0000000008004716                _isatty
 .text._lseek   0x000000000800472c       0x1a ./Core/Src/syscalls.o
                0x000000000800472c                _lseek
 *fill*         0x0000000008004746        0x2 
 .text._sbrk    0x0000000008004748       0x6c ./Core/Src/sysmem.o
                0x0000000008004748                _sbrk
 .text.SystemInit
                0x00000000080047b4      0x118 ./Core/Src/system_stm32h7xx.o
                0x00000000080047b4                SystemInit
 .text.W25qxx_Spi
                0x00000000080048cc       0x2c ./Core/Src/w25qxx.o
                0x00000000080048cc                W25qxx_Spi
 .text.W25qxx_ReadID
                0x00000000080048f8       0x6c ./Core/Src/w25qxx.o
                0x00000000080048f8                W25qxx_ReadID
 .text.W25qxx_ReadUniqID
                0x0000000008004964       0x6c ./Core/Src/w25qxx.o
                0x0000000008004964                W25qxx_ReadUniqID
 .text.W25qxx_WriteEnable
                0x00000000080049d0       0x2c ./Core/Src/w25qxx.o
                0x00000000080049d0                W25qxx_WriteEnable
 .text.W25qxx_ReadStatusRegister
                0x00000000080049fc       0x8c ./Core/Src/w25qxx.o
                0x00000000080049fc                W25qxx_ReadStatusRegister
 .text.W25qxx_WaitForWriteEnd
                0x0000000008004a88       0x54 ./Core/Src/w25qxx.o
                0x0000000008004a88                W25qxx_WaitForWriteEnd
 .text.W25qxx_Init
                0x0000000008004adc      0x1a4 ./Core/Src/w25qxx.o
                0x0000000008004adc                W25qxx_Init
 .text.W25qxx_EraseSector
                0x0000000008004c80       0xb0 ./Core/Src/w25qxx.o
                0x0000000008004c80                W25qxx_EraseSector
 .text.W25qxx_SectorToPage
                0x0000000008004d30       0x2c ./Core/Src/w25qxx.o
                0x0000000008004d30                W25qxx_SectorToPage
 .text.W25qxx_WritePage
                0x0000000008004d5c      0x108 ./Core/Src/w25qxx.o
                0x0000000008004d5c                W25qxx_WritePage
 .text.W25qxx_WriteSector
                0x0000000008004e64       0xc4 ./Core/Src/w25qxx.o
                0x0000000008004e64                W25qxx_WriteSector
 .text.W25qxx_ReadPage
                0x0000000008004f28       0xfc ./Core/Src/w25qxx.o
                0x0000000008004f28                W25qxx_ReadPage
 .text.W25qxx_ReadSector
                0x0000000008005024       0xc4 ./Core/Src/w25qxx.o
                0x0000000008005024                W25qxx_ReadSector
 .text.Reset_Handler
                0x00000000080050e8       0x50 ./Core/Startup/startup_stm32h743vitx.o
                0x00000000080050e8                Reset_Handler
 .text.Default_Handler
                0x0000000008005138        0x2 ./Core/Startup/startup_stm32h743vitx.o
                0x0000000008005138                RTC_Alarm_IRQHandler
                0x0000000008005138                EXTI2_IRQHandler
                0x0000000008005138                TIM8_CC_IRQHandler
                0x0000000008005138                HRTIM1_Master_IRQHandler
                0x0000000008005138                UART8_IRQHandler
                0x0000000008005138                SPI4_IRQHandler
                0x0000000008005138                TIM1_CC_IRQHandler
                0x0000000008005138                BDMA_Channel6_IRQHandler
                0x0000000008005138                DMA2_Stream5_IRQHandler
                0x0000000008005138                HRTIM1_FLT_IRQHandler
                0x0000000008005138                JPEG_IRQHandler
                0x0000000008005138                DMA1_Stream5_IRQHandler
                0x0000000008005138                BDMA_Channel1_IRQHandler
                0x0000000008005138                HRTIM1_TIMD_IRQHandler
                0x0000000008005138                TAMP_STAMP_IRQHandler
                0x0000000008005138                EXTI3_IRQHandler
                0x0000000008005138                LPTIM4_IRQHandler
                0x0000000008005138                TIM8_TRG_COM_TIM14_IRQHandler
                0x0000000008005138                LPTIM2_IRQHandler
                0x0000000008005138                DFSDM1_FLT1_IRQHandler
                0x0000000008005138                DMAMUX2_OVR_IRQHandler
                0x0000000008005138                TIM8_UP_TIM13_IRQHandler
                0x0000000008005138                I2C3_ER_IRQHandler
                0x0000000008005138                DFSDM1_FLT2_IRQHandler
                0x0000000008005138                MDMA_IRQHandler
                0x0000000008005138                LPTIM3_IRQHandler
                0x0000000008005138                HSEM1_IRQHandler
                0x0000000008005138                EXTI0_IRQHandler
                0x0000000008005138                I2C2_EV_IRQHandler
                0x0000000008005138                FPU_IRQHandler
                0x0000000008005138                OTG_HS_WKUP_IRQHandler
                0x0000000008005138                FDCAN1_IT1_IRQHandler
                0x0000000008005138                LTDC_ER_IRQHandler
                0x0000000008005138                DMA2_Stream2_IRQHandler
                0x0000000008005138                HRTIM1_TIME_IRQHandler
                0x0000000008005138                SPI1_IRQHandler
                0x0000000008005138                TIM6_DAC_IRQHandler
                0x0000000008005138                DCMI_IRQHandler
                0x0000000008005138                HRTIM1_TIMC_IRQHandler
                0x0000000008005138                DMA2_Stream3_IRQHandler
                0x0000000008005138                SAI2_IRQHandler
                0x0000000008005138                DFSDM1_FLT3_IRQHandler
                0x0000000008005138                USART6_IRQHandler
                0x0000000008005138                TIM17_IRQHandler
                0x0000000008005138                USART3_IRQHandler
                0x0000000008005138                BDMA_Channel7_IRQHandler
                0x0000000008005138                LPTIM5_IRQHandler
                0x0000000008005138                UART5_IRQHandler
                0x0000000008005138                ADC3_IRQHandler
                0x0000000008005138                DMA2_Stream0_IRQHandler
                0x0000000008005138                TIM4_IRQHandler
                0x0000000008005138                BDMA_Channel2_IRQHandler
                0x0000000008005138                QUADSPI_IRQHandler
                0x0000000008005138                DMA1_Stream6_IRQHandler
                0x0000000008005138                DMAMUX1_OVR_IRQHandler
                0x0000000008005138                TIM16_IRQHandler
                0x0000000008005138                UART4_IRQHandler
                0x0000000008005138                BDMA_Channel5_IRQHandler
                0x0000000008005138                RCC_IRQHandler
                0x0000000008005138                TIM8_BRK_TIM12_IRQHandler
                0x0000000008005138                TIM1_TRG_COM_IRQHandler
                0x0000000008005138                Default_Handler
                0x0000000008005138                ECC_IRQHandler
                0x0000000008005138                CEC_IRQHandler
                0x0000000008005138                EXTI15_10_IRQHandler
                0x0000000008005138                BDMA_Channel0_IRQHandler
                0x0000000008005138                ADC_IRQHandler
                0x0000000008005138                DMA1_Stream7_IRQHandler
                0x0000000008005138                HRTIM1_TIMA_IRQHandler
                0x0000000008005138                SPI5_IRQHandler
                0x0000000008005138                SDMMC1_IRQHandler
                0x0000000008005138                TIM5_IRQHandler
                0x0000000008005138                DMA2_Stream7_IRQHandler
                0x0000000008005138                TIM15_IRQHandler
                0x0000000008005138                PVD_AVD_IRQHandler
                0x0000000008005138                I2C3_EV_IRQHandler
                0x0000000008005138                EXTI9_5_IRQHandler
                0x0000000008005138                RTC_WKUP_IRQHandler
                0x0000000008005138                LTDC_IRQHandler
                0x0000000008005138                SAI3_IRQHandler
                0x0000000008005138                ETH_WKUP_IRQHandler
                0x0000000008005138                SPDIF_RX_IRQHandler
                0x0000000008005138                SPI2_IRQHandler
                0x0000000008005138                OTG_HS_EP1_IN_IRQHandler
                0x0000000008005138                CRS_IRQHandler
                0x0000000008005138                EXTI4_IRQHandler
                0x0000000008005138                RNG_IRQHandler
                0x0000000008005138                HRTIM1_TIMB_IRQHandler
                0x0000000008005138                FDCAN2_IT1_IRQHandler
                0x0000000008005138                ETH_IRQHandler
                0x0000000008005138                TIM1_UP_IRQHandler
                0x0000000008005138                BDMA_Channel4_IRQHandler
                0x0000000008005138                OTG_HS_EP1_OUT_IRQHandler
                0x0000000008005138                WWDG_IRQHandler
                0x0000000008005138                SPI6_IRQHandler
                0x0000000008005138                MDIOS_IRQHandler
                0x0000000008005138                I2C4_EV_IRQHandler
                0x0000000008005138                FDCAN2_IT0_IRQHandler
                0x0000000008005138                LPUART1_IRQHandler
                0x0000000008005138                FDCAN1_IT0_IRQHandler
                0x0000000008005138                TIM2_IRQHandler
                0x0000000008005138                OTG_FS_WKUP_IRQHandler
                0x0000000008005138                OTG_HS_IRQHandler
                0x0000000008005138                DMA2D_IRQHandler
                0x0000000008005138                TIM1_BRK_IRQHandler
                0x0000000008005138                EXTI1_IRQHandler
                0x0000000008005138                SDMMC2_IRQHandler
                0x0000000008005138                OTG_FS_EP1_OUT_IRQHandler
                0x0000000008005138                BDMA_Channel3_IRQHandler
                0x0000000008005138                UART7_IRQHandler
                0x0000000008005138                MDIOS_WKUP_IRQHandler
                0x0000000008005138                DFSDM1_FLT0_IRQHandler
                0x0000000008005138                SAI4_IRQHandler
                0x0000000008005138                I2C2_ER_IRQHandler
                0x0000000008005138                DMA2_Stream1_IRQHandler
                0x0000000008005138                FLASH_IRQHandler
                0x0000000008005138                DMA2_Stream4_IRQHandler
                0x0000000008005138                OTG_FS_IRQHandler
                0x0000000008005138                SPI3_IRQHandler
                0x0000000008005138                WAKEUP_PIN_IRQHandler
                0x0000000008005138                DMA1_Stream4_IRQHandler
                0x0000000008005138                OTG_FS_EP1_IN_IRQHandler
                0x0000000008005138                I2C1_ER_IRQHandler
                0x0000000008005138                FMC_IRQHandler
                0x0000000008005138                FDCAN_CAL_IRQHandler
                0x0000000008005138                SWPMI1_IRQHandler
                0x0000000008005138                COMP1_IRQHandler
                0x0000000008005138                LPTIM1_IRQHandler
                0x0000000008005138                I2C4_ER_IRQHandler
                0x0000000008005138                DMA2_Stream6_IRQHandler
                0x0000000008005138                SAI1_IRQHandler
 *fill*         0x000000000800513a        0x2 
 .text.HAL_Init
                0x000000000800513c       0x78 ./Drivers/STM32H7xx_HAL_Driver/Src/stm32h7xx_hal.o
                0x000000000800513c                HAL_Init
 .text.HAL_InitTick
                0x00000000080051b4       0x6c ./Drivers/STM32H7xx_HAL_Driver/Src/stm32h7xx_hal.o
                0x00000000080051b4                HAL_InitTick
 .text.HAL_IncTick
                0x0000000008005220       0x28 ./Drivers/STM32H7xx_HAL_Driver/Src/stm32h7xx_hal.o
                0x0000000008005220                HAL_IncTick
 .text.HAL_GetTick
                0x0000000008005248       0x18 ./Drivers/STM32H7xx_HAL_Driver/Src/stm32h7xx_hal.o
                0x0000000008005248                HAL_GetTick
 .text.HAL_Delay
                0x0000000008005260       0x48 ./Drivers/STM32H7xx_HAL_Driver/Src/stm32h7xx_hal.o
                0x0000000008005260                HAL_Delay
 .text.HAL_GetREVID
                0x00000000080052a8       0x18 ./Drivers/STM32H7xx_HAL_Driver/Src/stm32h7xx_hal.o
                0x00000000080052a8                HAL_GetREVID
 .text.__NVIC_SetPriorityGrouping
                0x00000000080052c0       0x48 ./Drivers/STM32H7xx_HAL_Driver/Src/stm32h7xx_hal_cortex.o
 .text.__NVIC_GetPriorityGrouping
                0x0000000008005308       0x1c ./Drivers/STM32H7xx_HAL_Driver/Src/stm32h7xx_hal_cortex.o
 .text.__NVIC_EnableIRQ
                0x0000000008005324       0x3c ./Drivers/STM32H7xx_HAL_Driver/Src/stm32h7xx_hal_cortex.o
 .text.__NVIC_SetPriority
                0x0000000008005360       0x54 ./Drivers/STM32H7xx_HAL_Driver/Src/stm32h7xx_hal_cortex.o
 .text.NVIC_EncodePriority
                0x00000000080053b4       0x66 ./Drivers/STM32H7xx_HAL_Driver/Src/stm32h7xx_hal_cortex.o
 *fill*         0x000000000800541a        0x2 
 .text.SysTick_Config
                0x000000000800541c       0x44 ./Drivers/STM32H7xx_HAL_Driver/Src/stm32h7xx_hal_cortex.o
 .text.HAL_NVIC_SetPriorityGrouping
                0x0000000008005460       0x16 ./Drivers/STM32H7xx_HAL_Driver/Src/stm32h7xx_hal_cortex.o
                0x0000000008005460                HAL_NVIC_SetPriorityGrouping
 .text.HAL_NVIC_SetPriority
                0x0000000008005476       0x34 ./Drivers/STM32H7xx_HAL_Driver/Src/stm32h7xx_hal_cortex.o
                0x0000000008005476                HAL_NVIC_SetPriority
 .text.HAL_NVIC_EnableIRQ
                0x00000000080054aa       0x1c ./Drivers/STM32H7xx_HAL_Driver/Src/stm32h7xx_hal_cortex.o
                0x00000000080054aa                HAL_NVIC_EnableIRQ
 .text.HAL_SYSTICK_Config
                0x00000000080054c6       0x18 ./Drivers/STM32H7xx_HAL_Driver/Src/stm32h7xx_hal_cortex.o
                0x00000000080054c6                HAL_SYSTICK_Config
 *fill*         0x00000000080054de        0x2 
 .text.HAL_DMA_Init
                0x00000000080054e0      0x6b8 ./Drivers/STM32H7xx_HAL_Driver/Src/stm32h7xx_hal_dma.o
                0x00000000080054e0                HAL_DMA_Init
 .text.HAL_DMA_Start_IT
                0x0000000008005b98      0x4d4 ./Drivers/STM32H7xx_HAL_Driver/Src/stm32h7xx_hal_dma.o
                0x0000000008005b98                HAL_DMA_Start_IT
 .text.HAL_DMA_Abort
                0x000000000800606c      0x63c ./Drivers/STM32H7xx_HAL_Driver/Src/stm32h7xx_hal_dma.o
                0x000000000800606c                HAL_DMA_Abort
 .text.HAL_DMA_Abort_IT
                0x00000000080066a8      0x488 ./Drivers/STM32H7xx_HAL_Driver/Src/stm32h7xx_hal_dma.o
                0x00000000080066a8                HAL_DMA_Abort_IT
 .text.HAL_DMA_IRQHandler
                0x0000000008006b30      0xe54 ./Drivers/STM32H7xx_HAL_Driver/Src/stm32h7xx_hal_dma.o
                0x0000000008006b30                HAL_DMA_IRQHandler
 .text.HAL_DMA_GetState
                0x0000000008007984       0x1c ./Drivers/STM32H7xx_HAL_Driver/Src/stm32h7xx_hal_dma.o
                0x0000000008007984                HAL_DMA_GetState
 .text.HAL_DMA_GetError
                0x00000000080079a0       0x18 ./Drivers/STM32H7xx_HAL_Driver/Src/stm32h7xx_hal_dma.o
                0x00000000080079a0                HAL_DMA_GetError
 .text.DMA_SetConfig
                0x00000000080079b8      0x358 ./Drivers/STM32H7xx_HAL_Driver/Src/stm32h7xx_hal_dma.o
 .text.DMA_CalcBaseAndBitshift
                0x0000000008007d10      0x164 ./Drivers/STM32H7xx_HAL_Driver/Src/stm32h7xx_hal_dma.o
 .text.DMA_CheckFifoParam
                0x0000000008007e74       0xf8 ./Drivers/STM32H7xx_HAL_Driver/Src/stm32h7xx_hal_dma.o
 .text.DMA_CalcDMAMUXChannelBaseAndMask
                0x0000000008007f6c      0x134 ./Drivers/STM32H7xx_HAL_Driver/Src/stm32h7xx_hal_dma.o
 .text.DMA_CalcDMAMUXRequestGenBaseAndMask
                0x00000000080080a0       0xe8 ./Drivers/STM32H7xx_HAL_Driver/Src/stm32h7xx_hal_dma.o
 .text.HAL_GPIO_Init
                0x0000000008008188      0x360 ./Drivers/STM32H7xx_HAL_Driver/Src/stm32h7xx_hal_gpio.o
                0x0000000008008188                HAL_GPIO_Init
 .text.HAL_GPIO_WritePin
                0x00000000080084e8       0x32 ./Drivers/STM32H7xx_HAL_Driver/Src/stm32h7xx_hal_gpio.o
                0x00000000080084e8                HAL_GPIO_WritePin
 *fill*         0x000000000800851a        0x2 
 .text.HAL_I2C_Init
                0x000000000800851c      0x120 ./Drivers/STM32H7xx_HAL_Driver/Src/stm32h7xx_hal_i2c.o
                0x000000000800851c                HAL_I2C_Init
 .text.HAL_I2C_Mem_Write
                0x000000000800863c      0x228 ./Drivers/STM32H7xx_HAL_Driver/Src/stm32h7xx_hal_i2c.o
                0x000000000800863c                HAL_I2C_Mem_Write
 .text.HAL_I2C_Mem_Read
                0x0000000008008864      0x234 ./Drivers/STM32H7xx_HAL_Driver/Src/stm32h7xx_hal_i2c.o
                0x0000000008008864                HAL_I2C_Mem_Read
 .text.HAL_I2C_Mem_Read_DMA
                0x0000000008008a98      0x1f0 ./Drivers/STM32H7xx_HAL_Driver/Src/stm32h7xx_hal_i2c.o
                0x0000000008008a98                HAL_I2C_Mem_Read_DMA
 .text.HAL_I2C_EV_IRQHandler
                0x0000000008008c88       0x34 ./Drivers/STM32H7xx_HAL_Driver/Src/stm32h7xx_hal_i2c.o
                0x0000000008008c88                HAL_I2C_EV_IRQHandler
 .text.HAL_I2C_MasterTxCpltCallback
                0x0000000008008cbc       0x14 ./Drivers/STM32H7xx_HAL_Driver/Src/stm32h7xx_hal_i2c.o
                0x0000000008008cbc                HAL_I2C_MasterTxCpltCallback
 .text.HAL_I2C_MasterRxCpltCallback
                0x0000000008008cd0       0x14 ./Drivers/STM32H7xx_HAL_Driver/Src/stm32h7xx_hal_i2c.o
                0x0000000008008cd0                HAL_I2C_MasterRxCpltCallback
 .text.HAL_I2C_SlaveTxCpltCallback
                0x0000000008008ce4       0x14 ./Drivers/STM32H7xx_HAL_Driver/Src/stm32h7xx_hal_i2c.o
                0x0000000008008ce4                HAL_I2C_SlaveTxCpltCallback
 .text.HAL_I2C_SlaveRxCpltCallback
                0x0000000008008cf8       0x14 ./Drivers/STM32H7xx_HAL_Driver/Src/stm32h7xx_hal_i2c.o
                0x0000000008008cf8                HAL_I2C_SlaveRxCpltCallback
 .text.HAL_I2C_AddrCallback
                0x0000000008008d0c       0x1c ./Drivers/STM32H7xx_HAL_Driver/Src/stm32h7xx_hal_i2c.o
                0x0000000008008d0c                HAL_I2C_AddrCallback
 .text.HAL_I2C_ListenCpltCallback
                0x0000000008008d28       0x14 ./Drivers/STM32H7xx_HAL_Driver/Src/stm32h7xx_hal_i2c.o
                0x0000000008008d28                HAL_I2C_ListenCpltCallback
 .text.HAL_I2C_MemTxCpltCallback
                0x0000000008008d3c       0x14 ./Drivers/STM32H7xx_HAL_Driver/Src/stm32h7xx_hal_i2c.o
                0x0000000008008d3c                HAL_I2C_MemTxCpltCallback
 .text.HAL_I2C_MemRxCpltCallback
                0x0000000008008d50       0x14 ./Drivers/STM32H7xx_HAL_Driver/Src/stm32h7xx_hal_i2c.o
                0x0000000008008d50                HAL_I2C_MemRxCpltCallback
 .text.HAL_I2C_ErrorCallback
                0x0000000008008d64       0x14 ./Drivers/STM32H7xx_HAL_Driver/Src/stm32h7xx_hal_i2c.o
                0x0000000008008d64                HAL_I2C_ErrorCallback
 .text.HAL_I2C_AbortCpltCallback
                0x0000000008008d78       0x14 ./Drivers/STM32H7xx_HAL_Driver/Src/stm32h7xx_hal_i2c.o
                0x0000000008008d78                HAL_I2C_AbortCpltCallback
 .text.I2C_Slave_ISR_IT
                0x0000000008008d8c      0x206 ./Drivers/STM32H7xx_HAL_Driver/Src/stm32h7xx_hal_i2c.o
 .text.I2C_Master_ISR_DMA
                0x0000000008008f92      0x1e6 ./Drivers/STM32H7xx_HAL_Driver/Src/stm32h7xx_hal_i2c.o
 .text.I2C_Slave_ISR_DMA
                0x0000000008009178      0x3c0 ./Drivers/STM32H7xx_HAL_Driver/Src/stm32h7xx_hal_i2c.o
 .text.I2C_RequestMemoryWrite
                0x0000000008009538       0xa8 ./Drivers/STM32H7xx_HAL_Driver/Src/stm32h7xx_hal_i2c.o
 .text.I2C_RequestMemoryRead
                0x00000000080095e0       0xa8 ./Drivers/STM32H7xx_HAL_Driver/Src/stm32h7xx_hal_i2c.o
 .text.I2C_ITAddrCplt
                0x0000000008009688      0x108 ./Drivers/STM32H7xx_HAL_Driver/Src/stm32h7xx_hal_i2c.o
 .text.I2C_ITMasterSeqCplt
                0x0000000008009790       0x7a ./Drivers/STM32H7xx_HAL_Driver/Src/stm32h7xx_hal_i2c.o
 .text.I2C_ITSlaveSeqCplt
                0x000000000800980a       0xbc ./Drivers/STM32H7xx_HAL_Driver/Src/stm32h7xx_hal_i2c.o
 *fill*         0x00000000080098c6        0x2 
 .text.I2C_ITMasterCplt
                0x00000000080098c8      0x194 ./Drivers/STM32H7xx_HAL_Driver/Src/stm32h7xx_hal_i2c.o
 .text.I2C_ITSlaveCplt
                0x0000000008009a5c      0x3f0 ./Drivers/STM32H7xx_HAL_Driver/Src/stm32h7xx_hal_i2c.o
 .text.I2C_ITListenCplt
                0x0000000008009e4c       0xac ./Drivers/STM32H7xx_HAL_Driver/Src/stm32h7xx_hal_i2c.o
 .text.I2C_ITError
                0x0000000008009ef8      0x1a0 ./Drivers/STM32H7xx_HAL_Driver/Src/stm32h7xx_hal_i2c.o
 .text.I2C_TreatErrorCallback
                0x000000000800a098       0x4e ./Drivers/STM32H7xx_HAL_Driver/Src/stm32h7xx_hal_i2c.o
 .text.I2C_Flush_TXDR
                0x000000000800a0e6       0x48 ./Drivers/STM32H7xx_HAL_Driver/Src/stm32h7xx_hal_i2c.o
 .text.I2C_DMAMasterReceiveCplt
                0x000000000800a12e       0x96 ./Drivers/STM32H7xx_HAL_Driver/Src/stm32h7xx_hal_i2c.o
 .text.I2C_DMAError
                0x000000000800a1c4      0x270 ./Drivers/STM32H7xx_HAL_Driver/Src/stm32h7xx_hal_i2c.o
 .text.I2C_DMAAbort
                0x000000000800a434       0x3c ./Drivers/STM32H7xx_HAL_Driver/Src/stm32h7xx_hal_i2c.o
 .text.I2C_WaitOnFlagUntilTimeout
                0x000000000800a470       0x80 ./Drivers/STM32H7xx_HAL_Driver/Src/stm32h7xx_hal_i2c.o
 .text.I2C_WaitOnTXISFlagUntilTimeout
                0x000000000800a4f0       0x80 ./Drivers/STM32H7xx_HAL_Driver/Src/stm32h7xx_hal_i2c.o
 .text.I2C_WaitOnSTOPFlagUntilTimeout
                0x000000000800a570       0x78 ./Drivers/STM32H7xx_HAL_Driver/Src/stm32h7xx_hal_i2c.o
 .text.I2C_IsAcknowledgeFailed
                0x000000000800a5e8       0xcc ./Drivers/STM32H7xx_HAL_Driver/Src/stm32h7xx_hal_i2c.o
 .text.I2C_TransferConfig
                0x000000000800a6b4       0x5c ./Drivers/STM32H7xx_HAL_Driver/Src/stm32h7xx_hal_i2c.o
 .text.I2C_Enable_IRQ
                0x000000000800a710       0xc8 ./Drivers/STM32H7xx_HAL_Driver/Src/stm32h7xx_hal_i2c.o
 .text.I2C_Disable_IRQ
                0x000000000800a7d8       0xbc ./Drivers/STM32H7xx_HAL_Driver/Src/stm32h7xx_hal_i2c.o
 .text.HAL_I2CEx_ConfigAnalogFilter
                0x000000000800a894       0x96 ./Drivers/STM32H7xx_HAL_Driver/Src/stm32h7xx_hal_i2c_ex.o
                0x000000000800a894                HAL_I2CEx_ConfigAnalogFilter
 .text.HAL_I2CEx_ConfigDigitalFilter
                0x000000000800a92a       0x98 ./Drivers/STM32H7xx_HAL_Driver/Src/stm32h7xx_hal_i2c_ex.o
                0x000000000800a92a                HAL_I2CEx_ConfigDigitalFilter
 *fill*         0x000000000800a9c2        0x2 
 .text.HAL_PWREx_ConfigSupply
                0x000000000800a9c4       0x74 ./Drivers/STM32H7xx_HAL_Driver/Src/stm32h7xx_hal_pwr_ex.o
                0x000000000800a9c4                HAL_PWREx_ConfigSupply
 .text.HAL_RCC_OscConfig
                0x000000000800aa38      0x820 ./Drivers/STM32H7xx_HAL_Driver/Src/stm32h7xx_hal_rcc.o
                0x000000000800aa38                HAL_RCC_OscConfig
 .text.HAL_RCC_ClockConfig
                0x000000000800b258      0x36c ./Drivers/STM32H7xx_HAL_Driver/Src/stm32h7xx_hal_rcc.o
                0x000000000800b258                HAL_RCC_ClockConfig
 .text.HAL_RCC_GetSysClockFreq
                0x000000000800b5c4      0x2f4 ./Drivers/STM32H7xx_HAL_Driver/Src/stm32h7xx_hal_rcc.o
                0x000000000800b5c4                HAL_RCC_GetSysClockFreq
 .text.HAL_RCC_GetHCLKFreq
                0x000000000800b8b8       0x60 ./Drivers/STM32H7xx_HAL_Driver/Src/stm32h7xx_hal_rcc.o
                0x000000000800b8b8                HAL_RCC_GetHCLKFreq
 .text.HAL_RCC_GetPCLK1Freq
                0x000000000800b918       0x2c ./Drivers/STM32H7xx_HAL_Driver/Src/stm32h7xx_hal_rcc.o
                0x000000000800b918                HAL_RCC_GetPCLK1Freq
 .text.HAL_RCC_GetPCLK2Freq
                0x000000000800b944       0x2c ./Drivers/STM32H7xx_HAL_Driver/Src/stm32h7xx_hal_rcc.o
                0x000000000800b944                HAL_RCC_GetPCLK2Freq
 .text.HAL_RCCEx_PeriphCLKConfig
                0x000000000800b970      0xe80 ./Drivers/STM32H7xx_HAL_Driver/Src/stm32h7xx_hal_rcc_ex.o
                0x000000000800b970                HAL_RCCEx_PeriphCLKConfig
 .text.HAL_RCCEx_GetD3PCLK1Freq
                0x000000000800c7f0       0x2c ./Drivers/STM32H7xx_HAL_Driver/Src/stm32h7xx_hal_rcc_ex.o
                0x000000000800c7f0                HAL_RCCEx_GetD3PCLK1Freq
 .text.HAL_RCCEx_GetPLL2ClockFreq
                0x000000000800c81c      0x2a8 ./Drivers/STM32H7xx_HAL_Driver/Src/stm32h7xx_hal_rcc_ex.o
                0x000000000800c81c                HAL_RCCEx_GetPLL2ClockFreq
 .text.HAL_RCCEx_GetPLL3ClockFreq
                0x000000000800cac4      0x2a8 ./Drivers/STM32H7xx_HAL_Driver/Src/stm32h7xx_hal_rcc_ex.o
                0x000000000800cac4                HAL_RCCEx_GetPLL3ClockFreq
 .text.RCCEx_PLL2_Config
                0x000000000800cd6c      0x164 ./Drivers/STM32H7xx_HAL_Driver/Src/stm32h7xx_hal_rcc_ex.o
 .text.RCCEx_PLL3_Config
                0x000000000800ced0      0x164 ./Drivers/STM32H7xx_HAL_Driver/Src/stm32h7xx_hal_rcc_ex.o
 .text.HAL_SPI_Init
                0x000000000800d034      0x204 ./Drivers/STM32H7xx_HAL_Driver/Src/stm32h7xx_hal_spi.o
                0x000000000800d034                HAL_SPI_Init
 .text.HAL_SPI_Transmit
                0x000000000800d238      0x3e4 ./Drivers/STM32H7xx_HAL_Driver/Src/stm32h7xx_hal_spi.o
                0x000000000800d238                HAL_SPI_Transmit
 .text.HAL_SPI_Receive
                0x000000000800d61c      0x3e4 ./Drivers/STM32H7xx_HAL_Driver/Src/stm32h7xx_hal_spi.o
                0x000000000800d61c                HAL_SPI_Receive
 .text.HAL_SPI_TransmitReceive
                0x000000000800da00      0x5d8 ./Drivers/STM32H7xx_HAL_Driver/Src/stm32h7xx_hal_spi.o
                0x000000000800da00                HAL_SPI_TransmitReceive
 .text.SPI_CloseTransfer
                0x000000000800dfd8      0x140 ./Drivers/STM32H7xx_HAL_Driver/Src/stm32h7xx_hal_spi.o
 .text.SPI_WaitOnFlagUntilTimeout
                0x000000000800e118       0x5c ./Drivers/STM32H7xx_HAL_Driver/Src/stm32h7xx_hal_spi.o
 .text.SPI_GetPacketSize
                0x000000000800e174       0x36 ./Drivers/STM32H7xx_HAL_Driver/Src/stm32h7xx_hal_spi.o
 .text.HAL_TIM_Base_Init
                0x000000000800e1aa       0xae ./Drivers/STM32H7xx_HAL_Driver/Src/stm32h7xx_hal_tim.o
                0x000000000800e1aa                HAL_TIM_Base_Init
 .text.HAL_TIM_Base_Start_IT
                0x000000000800e258       0xe0 ./Drivers/STM32H7xx_HAL_Driver/Src/stm32h7xx_hal_tim.o
                0x000000000800e258                HAL_TIM_Base_Start_IT
 .text.HAL_TIM_PWM_Init
                0x000000000800e338       0xae ./Drivers/STM32H7xx_HAL_Driver/Src/stm32h7xx_hal_tim.o
                0x000000000800e338                HAL_TIM_PWM_Init
 .text.HAL_TIM_PWM_MspInit
                0x000000000800e3e6       0x14 ./Drivers/STM32H7xx_HAL_Driver/Src/stm32h7xx_hal_tim.o
                0x000000000800e3e6                HAL_TIM_PWM_MspInit
 *fill*         0x000000000800e3fa        0x2 
 .text.HAL_TIM_PWM_Start_IT
                0x000000000800e3fc      0x29c ./Drivers/STM32H7xx_HAL_Driver/Src/stm32h7xx_hal_tim.o
                0x000000000800e3fc                HAL_TIM_PWM_Start_IT
 .text.HAL_TIM_IRQHandler
                0x000000000800e698      0x23e ./Drivers/STM32H7xx_HAL_Driver/Src/stm32h7xx_hal_tim.o
                0x000000000800e698                HAL_TIM_IRQHandler
 *fill*         0x000000000800e8d6        0x2 
 .text.HAL_TIM_PWM_ConfigChannel
                0x000000000800e8d8      0x220 ./Drivers/STM32H7xx_HAL_Driver/Src/stm32h7xx_hal_tim.o
                0x000000000800e8d8                HAL_TIM_PWM_ConfigChannel
 .text.HAL_TIM_ConfigClockSource
                0x000000000800eaf8      0x1e8 ./Drivers/STM32H7xx_HAL_Driver/Src/stm32h7xx_hal_tim.o
                0x000000000800eaf8                HAL_TIM_ConfigClockSource
 .text.HAL_TIM_OC_DelayElapsedCallback
                0x000000000800ece0       0x14 ./Drivers/STM32H7xx_HAL_Driver/Src/stm32h7xx_hal_tim.o
                0x000000000800ece0                HAL_TIM_OC_DelayElapsedCallback
 .text.HAL_TIM_IC_CaptureCallback
                0x000000000800ecf4       0x14 ./Drivers/STM32H7xx_HAL_Driver/Src/stm32h7xx_hal_tim.o
                0x000000000800ecf4                HAL_TIM_IC_CaptureCallback
 .text.HAL_TIM_PWM_PulseFinishedCallback
                0x000000000800ed08       0x14 ./Drivers/STM32H7xx_HAL_Driver/Src/stm32h7xx_hal_tim.o
                0x000000000800ed08                HAL_TIM_PWM_PulseFinishedCallback
 .text.HAL_TIM_TriggerCallback
                0x000000000800ed1c       0x14 ./Drivers/STM32H7xx_HAL_Driver/Src/stm32h7xx_hal_tim.o
                0x000000000800ed1c                HAL_TIM_TriggerCallback
 .text.TIM_Base_SetConfig
                0x000000000800ed30      0x134 ./Drivers/STM32H7xx_HAL_Driver/Src/stm32h7xx_hal_tim.o
                0x000000000800ed30                TIM_Base_SetConfig
 .text.TIM_OC1_SetConfig
                0x000000000800ee64      0x120 ./Drivers/STM32H7xx_HAL_Driver/Src/stm32h7xx_hal_tim.o
 .text.TIM_OC2_SetConfig
                0x000000000800ef84      0x114 ./Drivers/STM32H7xx_HAL_Driver/Src/stm32h7xx_hal_tim.o
                0x000000000800ef84                TIM_OC2_SetConfig
 .text.TIM_OC3_SetConfig
                0x000000000800f098      0x10c ./Drivers/STM32H7xx_HAL_Driver/Src/stm32h7xx_hal_tim.o
 .text.TIM_OC4_SetConfig
                0x000000000800f1a4       0xd0 ./Drivers/STM32H7xx_HAL_Driver/Src/stm32h7xx_hal_tim.o
 .text.TIM_OC5_SetConfig
                0x000000000800f274       0xc4 ./Drivers/STM32H7xx_HAL_Driver/Src/stm32h7xx_hal_tim.o
 .text.TIM_OC6_SetConfig
                0x000000000800f338       0xc8 ./Drivers/STM32H7xx_HAL_Driver/Src/stm32h7xx_hal_tim.o
 .text.TIM_TI1_ConfigInputStage
                0x000000000800f400       0x5e ./Drivers/STM32H7xx_HAL_Driver/Src/stm32h7xx_hal_tim.o
 .text.TIM_TI2_ConfigInputStage
                0x000000000800f45e       0x60 ./Drivers/STM32H7xx_HAL_Driver/Src/stm32h7xx_hal_tim.o
 *fill*         0x000000000800f4be        0x2 
 .text.TIM_ITRx_SetConfig
                0x000000000800f4c0       0x3c ./Drivers/STM32H7xx_HAL_Driver/Src/stm32h7xx_hal_tim.o
 .text.TIM_ETR_SetConfig
                0x000000000800f4fc       0x40 ./Drivers/STM32H7xx_HAL_Driver/Src/stm32h7xx_hal_tim.o
                0x000000000800f4fc                TIM_ETR_SetConfig
 .text.TIM_CCxChannelCmd
                0x000000000800f53c       0x4a ./Drivers/STM32H7xx_HAL_Driver/Src/stm32h7xx_hal_tim.o
                0x000000000800f53c                TIM_CCxChannelCmd
 *fill*         0x000000000800f586        0x2 
 .text.HAL_TIMEx_MasterConfigSynchronization
                0x000000000800f588      0x110 ./Drivers/STM32H7xx_HAL_Driver/Src/stm32h7xx_hal_tim_ex.o
                0x000000000800f588                HAL_TIMEx_MasterConfigSynchronization
 .text.HAL_TIMEx_CommutCallback
                0x000000000800f698       0x14 ./Drivers/STM32H7xx_HAL_Driver/Src/stm32h7xx_hal_tim_ex.o
                0x000000000800f698                HAL_TIMEx_CommutCallback
 .text.HAL_TIMEx_BreakCallback
                0x000000000800f6ac       0x14 ./Drivers/STM32H7xx_HAL_Driver/Src/stm32h7xx_hal_tim_ex.o
                0x000000000800f6ac                HAL_TIMEx_BreakCallback
 .text.HAL_TIMEx_Break2Callback
                0x000000000800f6c0       0x14 ./Drivers/STM32H7xx_HAL_Driver/Src/stm32h7xx_hal_tim_ex.o
                0x000000000800f6c0                HAL_TIMEx_Break2Callback
 .text.HAL_UART_Init
                0x000000000800f6d4       0xa0 ./Drivers/STM32H7xx_HAL_Driver/Src/stm32h7xx_hal_uart.o
                0x000000000800f6d4                HAL_UART_Init
 .text.HAL_UART_Transmit_DMA
                0x000000000800f774      0x100 ./Drivers/STM32H7xx_HAL_Driver/Src/stm32h7xx_hal_uart.o
                0x000000000800f774                HAL_UART_Transmit_DMA
 .text.HAL_UART_Receive_DMA
                0x000000000800f874       0x8c ./Drivers/STM32H7xx_HAL_Driver/Src/stm32h7xx_hal_uart.o
                0x000000000800f874                HAL_UART_Receive_DMA
 .text.HAL_UART_IRQHandler
                0x000000000800f900      0x574 ./Drivers/STM32H7xx_HAL_Driver/Src/stm32h7xx_hal_uart.o
                0x000000000800f900                HAL_UART_IRQHandler
 .text.HAL_UART_TxCpltCallback
                0x000000000800fe74       0x14 ./Drivers/STM32H7xx_HAL_Driver/Src/stm32h7xx_hal_uart.o
                0x000000000800fe74                HAL_UART_TxCpltCallback
 .text.HAL_UART_TxHalfCpltCallback
                0x000000000800fe88       0x14 ./Drivers/STM32H7xx_HAL_Driver/Src/stm32h7xx_hal_uart.o
                0x000000000800fe88                HAL_UART_TxHalfCpltCallback
 .text.HAL_UART_RxHalfCpltCallback
                0x000000000800fe9c       0x14 ./Drivers/STM32H7xx_HAL_Driver/Src/stm32h7xx_hal_uart.o
                0x000000000800fe9c                HAL_UART_RxHalfCpltCallback
 .text.HAL_UART_ErrorCallback
                0x000000000800feb0       0x14 ./Drivers/STM32H7xx_HAL_Driver/Src/stm32h7xx_hal_uart.o
                0x000000000800feb0                HAL_UART_ErrorCallback
 .text.HAL_UARTEx_RxEventCallback
                0x000000000800fec4       0x18 ./Drivers/STM32H7xx_HAL_Driver/Src/stm32h7xx_hal_uart.o
                0x000000000800fec4                HAL_UARTEx_RxEventCallback
 .text.UART_SetConfig
                0x000000000800fedc      0xac0 ./Drivers/STM32H7xx_HAL_Driver/Src/stm32h7xx_hal_uart.o
                0x000000000800fedc                UART_SetConfig
 .text.UART_AdvFeatureConfig
                0x000000000801099c      0x144 ./Drivers/STM32H7xx_HAL_Driver/Src/stm32h7xx_hal_uart.o
                0x000000000801099c                UART_AdvFeatureConfig
 .text.UART_CheckIdleState
                0x0000000008010ae0       0x96 ./Drivers/STM32H7xx_HAL_Driver/Src/stm32h7xx_hal_uart.o
                0x0000000008010ae0                UART_CheckIdleState
 .text.UART_WaitOnFlagUntilTimeout
                0x0000000008010b76      0x100 ./Drivers/STM32H7xx_HAL_Driver/Src/stm32h7xx_hal_uart.o
                0x0000000008010b76                UART_WaitOnFlagUntilTimeout
 *fill*         0x0000000008010c76        0x2 
 .text.UART_Start_Receive_DMA
                0x0000000008010c78       0xdc ./Drivers/STM32H7xx_HAL_Driver/Src/stm32h7xx_hal_uart.o
                0x0000000008010c78                UART_Start_Receive_DMA
 .text.UART_EndTxTransfer
                0x0000000008010d54       0x3c ./Drivers/STM32H7xx_HAL_Driver/Src/stm32h7xx_hal_uart.o
 .text.UART_EndRxTransfer
                0x0000000008010d90       0x64 ./Drivers/STM32H7xx_HAL_Driver/Src/stm32h7xx_hal_uart.o
 .text.UART_DMATransmitCplt
                0x0000000008010df4       0x50 ./Drivers/STM32H7xx_HAL_Driver/Src/stm32h7xx_hal_uart.o
 .text.UART_DMATxHalfCplt
                0x0000000008010e44       0x1c ./Drivers/STM32H7xx_HAL_Driver/Src/stm32h7xx_hal_uart.o
 .text.UART_DMAReceiveCplt
                0x0000000008010e60       0x96 ./Drivers/STM32H7xx_HAL_Driver/Src/stm32h7xx_hal_uart.o
 .text.UART_DMARxHalfCplt
                0x0000000008010ef6       0x38 ./Drivers/STM32H7xx_HAL_Driver/Src/stm32h7xx_hal_uart.o
 .text.UART_DMAError
                0x0000000008010f2e       0x80 ./Drivers/STM32H7xx_HAL_Driver/Src/stm32h7xx_hal_uart.o
 .text.UART_DMAAbortOnError
                0x0000000008010fae       0x2c ./Drivers/STM32H7xx_HAL_Driver/Src/stm32h7xx_hal_uart.o
 .text.UART_EndTransmit_IT
                0x0000000008010fda       0x34 ./Drivers/STM32H7xx_HAL_Driver/Src/stm32h7xx_hal_uart.o
 .text.HAL_UARTEx_WakeupCallback
                0x000000000801100e       0x14 ./Drivers/STM32H7xx_HAL_Driver/Src/stm32h7xx_hal_uart_ex.o
                0x000000000801100e                HAL_UARTEx_WakeupCallback
 .text.HAL_UARTEx_RxFifoFullCallback
                0x0000000008011022       0x14 ./Drivers/STM32H7xx_HAL_Driver/Src/stm32h7xx_hal_uart_ex.o
                0x0000000008011022                HAL_UARTEx_RxFifoFullCallback
 .text.HAL_UARTEx_TxFifoEmptyCallback
                0x0000000008011036       0x14 ./Drivers/STM32H7xx_HAL_Driver/Src/stm32h7xx_hal_uart_ex.o
                0x0000000008011036                HAL_UARTEx_TxFifoEmptyCallback
 .text.HAL_UARTEx_DisableFifoMode
                0x000000000801104a       0x72 ./Drivers/STM32H7xx_HAL_Driver/Src/stm32h7xx_hal_uart_ex.o
                0x000000000801104a                HAL_UARTEx_DisableFifoMode
 .text.HAL_UARTEx_SetTxFifoThreshold
                0x00000000080110bc       0x7c ./Drivers/STM32H7xx_HAL_Driver/Src/stm32h7xx_hal_uart_ex.o
                0x00000000080110bc                HAL_UARTEx_SetTxFifoThreshold
 .text.HAL_UARTEx_SetRxFifoThreshold
                0x0000000008011138       0x7c ./Drivers/STM32H7xx_HAL_Driver/Src/stm32h7xx_hal_uart_ex.o
                0x0000000008011138                HAL_UARTEx_SetRxFifoThreshold
 .text.UARTEx_SetNbDataToProcess
                0x00000000080111b4       0x9c ./Drivers/STM32H7xx_HAL_Driver/Src/stm32h7xx_hal_uart_ex.o
 .text.__errno  0x0000000008011250        0xc c:/st/stm32cubeide_1.6.0/stm32cubeide/plugins/com.st.stm32cube.ide.mcu.externaltools.gnu-tools-for-stm32.9-2020-q2-update.win32_2.0.0.202105311346/tools/bin/../lib/gcc/arm-none-eabi/9.3.1/../../../../arm-none-eabi/lib/thumb/v7e-m+dp/hard\libc_nano.a(lib_a-errno.o)
                0x0000000008011250                __errno
 .text.__libc_init_array
                0x000000000801125c       0x48 c:/st/stm32cubeide_1.6.0/stm32cubeide/plugins/com.st.stm32cube.ide.mcu.externaltools.gnu-tools-for-stm32.9-2020-q2-update.win32_2.0.0.202105311346/tools/bin/../lib/gcc/arm-none-eabi/9.3.1/../../../../arm-none-eabi/lib/thumb/v7e-m+dp/hard\libc_nano.a(lib_a-init.o)
                0x000000000801125c                __libc_init_array
 .text.memset   0x00000000080112a4       0x10 c:/st/stm32cubeide_1.6.0/stm32cubeide/plugins/com.st.stm32cube.ide.mcu.externaltools.gnu-tools-for-stm32.9-2020-q2-update.win32_2.0.0.202105311346/tools/bin/../lib/gcc/arm-none-eabi/9.3.1/../../../../arm-none-eabi/lib/thumb/v7e-m+dp/hard\libc_nano.a(lib_a-memset.o)
                0x00000000080112a4                memset
 .text.__cvt    0x00000000080112b4       0xa4 c:/st/stm32cubeide_1.6.0/stm32cubeide/plugins/com.st.stm32cube.ide.mcu.externaltools.gnu-tools-for-stm32.9-2020-q2-update.win32_2.0.0.202105311346/tools/bin/../lib/gcc/arm-none-eabi/9.3.1/../../../../arm-none-eabi/lib/thumb/v7e-m+dp/hard\libc_nano.a(lib_a-nano-vfprintf_float.o)
                0x00000000080112b4                __cvt
 .text.__exponent
                0x0000000008011358       0x7c c:/st/stm32cubeide_1.6.0/stm32cubeide/plugins/com.st.stm32cube.ide.mcu.externaltools.gnu-tools-for-stm32.9-2020-q2-update.win32_2.0.0.202105311346/tools/bin/../lib/gcc/arm-none-eabi/9.3.1/../../../../arm-none-eabi/lib/thumb/v7e-m+dp/hard\libc_nano.a(lib_a-nano-vfprintf_float.o)
                0x0000000008011358                __exponent
 *fill*         0x00000000080113d4        0x4 
 .text._printf_float
                0x00000000080113d8      0x43c c:/st/stm32cubeide_1.6.0/stm32cubeide/plugins/com.st.stm32cube.ide.mcu.externaltools.gnu-tools-for-stm32.9-2020-q2-update.win32_2.0.0.202105311346/tools/bin/../lib/gcc/arm-none-eabi/9.3.1/../../../../arm-none-eabi/lib/thumb/v7e-m+dp/hard\libc_nano.a(lib_a-nano-vfprintf_float.o)
                0x00000000080113d8                _printf_float
 .text._printf_common
                0x0000000008011814       0xda c:/st/stm32cubeide_1.6.0/stm32cubeide/plugins/com.st.stm32cube.ide.mcu.externaltools.gnu-tools-for-stm32.9-2020-q2-update.win32_2.0.0.202105311346/tools/bin/../lib/gcc/arm-none-eabi/9.3.1/../../../../arm-none-eabi/lib/thumb/v7e-m+dp/hard\libc_nano.a(lib_a-nano-vfprintf_i.o)
                0x0000000008011814                _printf_common
 *fill*         0x00000000080118ee        0x2 
 .text._printf_i
                0x00000000080118f0      0x24c c:/st/stm32cubeide_1.6.0/stm32cubeide/plugins/com.st.stm32cube.ide.mcu.externaltools.gnu-tools-for-stm32.9-2020-q2-update.win32_2.0.0.202105311346/tools/bin/../lib/gcc/arm-none-eabi/9.3.1/../../../../arm-none-eabi/lib/thumb/v7e-m+dp/hard\libc_nano.a(lib_a-nano-vfprintf_i.o)
                0x00000000080118f0                _printf_i
 .text.printf   0x0000000008011b3c       0x30 c:/st/stm32cubeide_1.6.0/stm32cubeide/plugins/com.st.stm32cube.ide.mcu.externaltools.gnu-tools-for-stm32.9-2020-q2-update.win32_2.0.0.202105311346/tools/bin/../lib/gcc/arm-none-eabi/9.3.1/../../../../arm-none-eabi/lib/thumb/v7e-m+dp/hard\libc_nano.a(lib_a-printf.o)
                0x0000000008011b3c                iprintf
                0x0000000008011b3c                printf
 .text._puts_r  0x0000000008011b6c       0xdc c:/st/stm32cubeide_1.6.0/stm32cubeide/plugins/com.st.stm32cube.ide.mcu.externaltools.gnu-tools-for-stm32.9-2020-q2-update.win32_2.0.0.202105311346/tools/bin/../lib/gcc/arm-none-eabi/9.3.1/../../../../arm-none-eabi/lib/thumb/v7e-m+dp/hard\libc_nano.a(lib_a-puts.o)
                0x0000000008011b6c                _puts_r
 .text.puts     0x0000000008011c48       0x10 c:/st/stm32cubeide_1.6.0/stm32cubeide/plugins/com.st.stm32cube.ide.mcu.externaltools.gnu-tools-for-stm32.9-2020-q2-update.win32_2.0.0.202105311346/tools/bin/../lib/gcc/arm-none-eabi/9.3.1/../../../../arm-none-eabi/lib/thumb/v7e-m+dp/hard\libc_nano.a(lib_a-puts.o)
                0x0000000008011c48                puts
 .text.__swbuf_r
                0x0000000008011c58       0xa4 c:/st/stm32cubeide_1.6.0/stm32cubeide/plugins/com.st.stm32cube.ide.mcu.externaltools.gnu-tools-for-stm32.9-2020-q2-update.win32_2.0.0.202105311346/tools/bin/../lib/gcc/arm-none-eabi/9.3.1/../../../../arm-none-eabi/lib/thumb/v7e-m+dp/hard\libc_nano.a(lib_a-wbuf.o)
                0x0000000008011c58                __swbuf_r
 .text.__swsetup_r
                0x0000000008011cfc       0xdc c:/st/stm32cubeide_1.6.0/stm32cubeide/plugins/com.st.stm32cube.ide.mcu.externaltools.gnu-tools-for-stm32.9-2020-q2-update.win32_2.0.0.202105311346/tools/bin/../lib/gcc/arm-none-eabi/9.3.1/../../../../arm-none-eabi/lib/thumb/v7e-m+dp/hard\libc_nano.a(lib_a-wsetup.o)
                0x0000000008011cfc                __swsetup_r
 .text.quorem   0x0000000008011dd8      0x116 c:/st/stm32cubeide_1.6.0/stm32cubeide/plugins/com.st.stm32cube.ide.mcu.externaltools.gnu-tools-for-stm32.9-2020-q2-update.win32_2.0.0.202105311346/tools/bin/../lib/gcc/arm-none-eabi/9.3.1/../../../../arm-none-eabi/lib/thumb/v7e-m+dp/hard\libc_nano.a(lib_a-dtoa.o)
 *fill*         0x0000000008011eee        0x2 
 .text._dtoa_r  0x0000000008011ef0      0xb04 c:/st/stm32cubeide_1.6.0/stm32cubeide/plugins/com.st.stm32cube.ide.mcu.externaltools.gnu-tools-for-stm32.9-2020-q2-update.win32_2.0.0.202105311346/tools/bin/../lib/gcc/arm-none-eabi/9.3.1/../../../../arm-none-eabi/lib/thumb/v7e-m+dp/hard\libc_nano.a(lib_a-dtoa.o)
                0x0000000008011ef0                _dtoa_r
 .text.__sflush_r
                0x00000000080129f4      0x10c c:/st/stm32cubeide_1.6.0/stm32cubeide/plugins/com.st.stm32cube.ide.mcu.externaltools.gnu-tools-for-stm32.9-2020-q2-update.win32_2.0.0.202105311346/tools/bin/../lib/gcc/arm-none-eabi/9.3.1/../../../../arm-none-eabi/lib/thumb/v7e-m+dp/hard\libc_nano.a(lib_a-fflush.o)
                0x00000000080129f4                __sflush_r
 .text._fflush_r
                0x0000000008012b00       0x78 c:/st/stm32cubeide_1.6.0/stm32cubeide/plugins/com.st.stm32cube.ide.mcu.externaltools.gnu-tools-for-stm32.9-2020-q2-update.win32_2.0.0.202105311346/tools/bin/../lib/gcc/arm-none-eabi/9.3.1/../../../../arm-none-eabi/lib/thumb/v7e-m+dp/hard\libc_nano.a(lib_a-fflush.o)
                0x0000000008012b00                _fflush_r
 .text.std      0x0000000008012b78       0x48 c:/st/stm32cubeide_1.6.0/stm32cubeide/plugins/com.st.stm32cube.ide.mcu.externaltools.gnu-tools-for-stm32.9-2020-q2-update.win32_2.0.0.202105311346/tools/bin/../lib/gcc/arm-none-eabi/9.3.1/../../../../arm-none-eabi/lib/thumb/v7e-m+dp/hard\libc_nano.a(lib_a-findfp.o)
 .text._cleanup_r
                0x0000000008012bc0        0xc c:/st/stm32cubeide_1.6.0/stm32cubeide/plugins/com.st.stm32cube.ide.mcu.externaltools.gnu-tools-for-stm32.9-2020-q2-update.win32_2.0.0.202105311346/tools/bin/../lib/gcc/arm-none-eabi/9.3.1/../../../../arm-none-eabi/lib/thumb/v7e-m+dp/hard\libc_nano.a(lib_a-findfp.o)
                0x0000000008012bc0                _cleanup_r
 .text.__sfmoreglue
                0x0000000008012bcc       0x2c c:/st/stm32cubeide_1.6.0/stm32cubeide/plugins/com.st.stm32cube.ide.mcu.externaltools.gnu-tools-for-stm32.9-2020-q2-update.win32_2.0.0.202105311346/tools/bin/../lib/gcc/arm-none-eabi/9.3.1/../../../../arm-none-eabi/lib/thumb/v7e-m+dp/hard\libc_nano.a(lib_a-findfp.o)
                0x0000000008012bcc                __sfmoreglue
 .text.__sfp_lock_acquire
                0x0000000008012bf8        0xc c:/st/stm32cubeide_1.6.0/stm32cubeide/plugins/com.st.stm32cube.ide.mcu.externaltools.gnu-tools-for-stm32.9-2020-q2-update.win32_2.0.0.202105311346/tools/bin/../lib/gcc/arm-none-eabi/9.3.1/../../../../arm-none-eabi/lib/thumb/v7e-m+dp/hard\libc_nano.a(lib_a-findfp.o)
                0x0000000008012bf8                __sfp_lock_acquire
 .text.__sfp_lock_release
                0x0000000008012c04        0xc c:/st/stm32cubeide_1.6.0/stm32cubeide/plugins/com.st.stm32cube.ide.mcu.externaltools.gnu-tools-for-stm32.9-2020-q2-update.win32_2.0.0.202105311346/tools/bin/../lib/gcc/arm-none-eabi/9.3.1/../../../../arm-none-eabi/lib/thumb/v7e-m+dp/hard\libc_nano.a(lib_a-findfp.o)
                0x0000000008012c04                __sfp_lock_release
 .text.__sinit_lock_acquire
                0x0000000008012c10        0xc c:/st/stm32cubeide_1.6.0/stm32cubeide/plugins/com.st.stm32cube.ide.mcu.externaltools.gnu-tools-for-stm32.9-2020-q2-update.win32_2.0.0.202105311346/tools/bin/../lib/gcc/arm-none-eabi/9.3.1/../../../../arm-none-eabi/lib/thumb/v7e-m+dp/hard\libc_nano.a(lib_a-findfp.o)
                0x0000000008012c10                __sinit_lock_acquire
 .text.__sinit_lock_release
                0x0000000008012c1c        0xc c:/st/stm32cubeide_1.6.0/stm32cubeide/plugins/com.st.stm32cube.ide.mcu.externaltools.gnu-tools-for-stm32.9-2020-q2-update.win32_2.0.0.202105311346/tools/bin/../lib/gcc/arm-none-eabi/9.3.1/../../../../arm-none-eabi/lib/thumb/v7e-m+dp/hard\libc_nano.a(lib_a-findfp.o)
                0x0000000008012c1c                __sinit_lock_release
 .text.__sinit  0x0000000008012c28       0x70 c:/st/stm32cubeide_1.6.0/stm32cubeide/plugins/com.st.stm32cube.ide.mcu.externaltools.gnu-tools-for-stm32.9-2020-q2-update.win32_2.0.0.202105311346/tools/bin/../lib/gcc/arm-none-eabi/9.3.1/../../../../arm-none-eabi/lib/thumb/v7e-m+dp/hard\libc_nano.a(lib_a-findfp.o)
                0x0000000008012c28                __sinit
 .text.__sfp    0x0000000008012c98       0x8c c:/st/stm32cubeide_1.6.0/stm32cubeide/plugins/com.st.stm32cube.ide.mcu.externaltools.gnu-tools-for-stm32.9-2020-q2-update.win32_2.0.0.202105311346/tools/bin/../lib/gcc/arm-none-eabi/9.3.1/../../../../arm-none-eabi/lib/thumb/v7e-m+dp/hard\libc_nano.a(lib_a-findfp.o)
                0x0000000008012c98                __sfp
 .text._fwalk_reent
                0x0000000008012d24       0x3e c:/st/stm32cubeide_1.6.0/stm32cubeide/plugins/com.st.stm32cube.ide.mcu.externaltools.gnu-tools-for-stm32.9-2020-q2-update.win32_2.0.0.202105311346/tools/bin/../lib/gcc/arm-none-eabi/9.3.1/../../../../arm-none-eabi/lib/thumb/v7e-m+dp/hard\libc_nano.a(lib_a-fwalk.o)
                0x0000000008012d24                _fwalk_reent
 *fill*         0x0000000008012d62        0x2 
 .text._localeconv_r
                0x0000000008012d64        0x8 c:/st/stm32cubeide_1.6.0/stm32cubeide/plugins/com.st.stm32cube.ide.mcu.externaltools.gnu-tools-for-stm32.9-2020-q2-update.win32_2.0.0.202105311346/tools/bin/../lib/gcc/arm-none-eabi/9.3.1/../../../../arm-none-eabi/lib/thumb/v7e-m+dp/hard\libc_nano.a(lib_a-localeconv.o)
                0x0000000008012d64                _localeconv_r
 .text.__retarget_lock_init_recursive
                0x0000000008012d6c        0x2 c:/st/stm32cubeide_1.6.0/stm32cubeide/plugins/com.st.stm32cube.ide.mcu.externaltools.gnu-tools-for-stm32.9-2020-q2-update.win32_2.0.0.202105311346/tools/bin/../lib/gcc/arm-none-eabi/9.3.1/../../../../arm-none-eabi/lib/thumb/v7e-m+dp/hard\libc_nano.a(lib_a-lock.o)
                0x0000000008012d6c                __retarget_lock_init_recursive
 .text.__retarget_lock_acquire_recursive
                0x0000000008012d6e        0x2 c:/st/stm32cubeide_1.6.0/stm32cubeide/plugins/com.st.stm32cube.ide.mcu.externaltools.gnu-tools-for-stm32.9-2020-q2-update.win32_2.0.0.202105311346/tools/bin/../lib/gcc/arm-none-eabi/9.3.1/../../../../arm-none-eabi/lib/thumb/v7e-m+dp/hard\libc_nano.a(lib_a-lock.o)
                0x0000000008012d6e                __retarget_lock_acquire_recursive
 .text.__retarget_lock_release_recursive
                0x0000000008012d70        0x2 c:/st/stm32cubeide_1.6.0/stm32cubeide/plugins/com.st.stm32cube.ide.mcu.externaltools.gnu-tools-for-stm32.9-2020-q2-update.win32_2.0.0.202105311346/tools/bin/../lib/gcc/arm-none-eabi/9.3.1/../../../../arm-none-eabi/lib/thumb/v7e-m+dp/hard\libc_nano.a(lib_a-lock.o)
                0x0000000008012d70                __retarget_lock_release_recursive
 .text.__swhatbuf_r
                0x0000000008012d72       0x48 c:/st/stm32cubeide_1.6.0/stm32cubeide/plugins/com.st.stm32cube.ide.mcu.externaltools.gnu-tools-for-stm32.9-2020-q2-update.win32_2.0.0.202105311346/tools/bin/../lib/gcc/arm-none-eabi/9.3.1/../../../../arm-none-eabi/lib/thumb/v7e-m+dp/hard\libc_nano.a(lib_a-makebuf.o)
                0x0000000008012d72                __swhatbuf_r
 *fill*         0x0000000008012dba        0x2 
 .text.__smakebuf_r
                0x0000000008012dbc       0x80 c:/st/stm32cubeide_1.6.0/stm32cubeide/plugins/com.st.stm32cube.ide.mcu.externaltools.gnu-tools-for-stm32.9-2020-q2-update.win32_2.0.0.202105311346/tools/bin/../lib/gcc/arm-none-eabi/9.3.1/../../../../arm-none-eabi/lib/thumb/v7e-m+dp/hard\libc_nano.a(lib_a-makebuf.o)
                0x0000000008012dbc                __smakebuf_r
 .text.malloc   0x0000000008012e3c       0x10 c:/st/stm32cubeide_1.6.0/stm32cubeide/plugins/com.st.stm32cube.ide.mcu.externaltools.gnu-tools-for-stm32.9-2020-q2-update.win32_2.0.0.202105311346/tools/bin/../lib/gcc/arm-none-eabi/9.3.1/../../../../arm-none-eabi/lib/thumb/v7e-m+dp/hard\libc_nano.a(lib_a-malloc.o)
                0x0000000008012e3c                malloc
 .text.memcpy   0x0000000008012e4c       0x1c c:/st/stm32cubeide_1.6.0/stm32cubeide/plugins/com.st.stm32cube.ide.mcu.externaltools.gnu-tools-for-stm32.9-2020-q2-update.win32_2.0.0.202105311346/tools/bin/../lib/gcc/arm-none-eabi/9.3.1/../../../../arm-none-eabi/lib/thumb/v7e-m+dp/hard\libc_nano.a(lib_a-memcpy-stub.o)
                0x0000000008012e4c                memcpy
 .text._Balloc  0x0000000008012e68       0x80 c:/st/stm32cubeide_1.6.0/stm32cubeide/plugins/com.st.stm32cube.ide.mcu.externaltools.gnu-tools-for-stm32.9-2020-q2-update.win32_2.0.0.202105311346/tools/bin/../lib/gcc/arm-none-eabi/9.3.1/../../../../arm-none-eabi/lib/thumb/v7e-m+dp/hard\libc_nano.a(lib_a-mprec.o)
                0x0000000008012e68                _Balloc
 .text._Bfree   0x0000000008012ee8       0x44 c:/st/stm32cubeide_1.6.0/stm32cubeide/plugins/com.st.stm32cube.ide.mcu.externaltools.gnu-tools-for-stm32.9-2020-q2-update.win32_2.0.0.202105311346/tools/bin/../lib/gcc/arm-none-eabi/9.3.1/../../../../arm-none-eabi/lib/thumb/v7e-m+dp/hard\libc_nano.a(lib_a-mprec.o)
                0x0000000008012ee8                _Bfree
 .text.__multadd
                0x0000000008012f2c       0x94 c:/st/stm32cubeide_1.6.0/stm32cubeide/plugins/com.st.stm32cube.ide.mcu.externaltools.gnu-tools-for-stm32.9-2020-q2-update.win32_2.0.0.202105311346/tools/bin/../lib/gcc/arm-none-eabi/9.3.1/../../../../arm-none-eabi/lib/thumb/v7e-m+dp/hard\libc_nano.a(lib_a-mprec.o)
                0x0000000008012f2c                __multadd
 .text.__hi0bits
                0x0000000008012fc0       0x40 c:/st/stm32cubeide_1.6.0/stm32cubeide/plugins/com.st.stm32cube.ide.mcu.externaltools.gnu-tools-for-stm32.9-2020-q2-update.win32_2.0.0.202105311346/tools/bin/../lib/gcc/arm-none-eabi/9.3.1/../../../../arm-none-eabi/lib/thumb/v7e-m+dp/hard\libc_nano.a(lib_a-mprec.o)
                0x0000000008012fc0                __hi0bits
 .text.__lo0bits
                0x0000000008013000       0x60 c:/st/stm32cubeide_1.6.0/stm32cubeide/plugins/com.st.stm32cube.ide.mcu.externaltools.gnu-tools-for-stm32.9-2020-q2-update.win32_2.0.0.202105311346/tools/bin/../lib/gcc/arm-none-eabi/9.3.1/../../../../arm-none-eabi/lib/thumb/v7e-m+dp/hard\libc_nano.a(lib_a-mprec.o)
                0x0000000008013000                __lo0bits
 .text.__i2b    0x0000000008013060       0x2c c:/st/stm32cubeide_1.6.0/stm32cubeide/plugins/com.st.stm32cube.ide.mcu.externaltools.gnu-tools-for-stm32.9-2020-q2-update.win32_2.0.0.202105311346/tools/bin/../lib/gcc/arm-none-eabi/9.3.1/../../../../arm-none-eabi/lib/thumb/v7e-m+dp/hard\libc_nano.a(lib_a-mprec.o)
                0x0000000008013060                __i2b
 .text.__multiply
                0x000000000801308c      0x14c c:/st/stm32cubeide_1.6.0/stm32cubeide/plugins/com.st.stm32cube.ide.mcu.externaltools.gnu-tools-for-stm32.9-2020-q2-update.win32_2.0.0.202105311346/tools/bin/../lib/gcc/arm-none-eabi/9.3.1/../../../../arm-none-eabi/lib/thumb/v7e-m+dp/hard\libc_nano.a(lib_a-mprec.o)
                0x000000000801308c                __multiply
 .text.__pow5mult
                0x00000000080131d8       0xb4 c:/st/stm32cubeide_1.6.0/stm32cubeide/plugins/com.st.stm32cube.ide.mcu.externaltools.gnu-tools-for-stm32.9-2020-q2-update.win32_2.0.0.202105311346/tools/bin/../lib/gcc/arm-none-eabi/9.3.1/../../../../arm-none-eabi/lib/thumb/v7e-m+dp/hard\libc_nano.a(lib_a-mprec.o)
                0x00000000080131d8                __pow5mult
 .text.__lshift
                0x000000000801328c       0xd8 c:/st/stm32cubeide_1.6.0/stm32cubeide/plugins/com.st.stm32cube.ide.mcu.externaltools.gnu-tools-for-stm32.9-2020-q2-update.win32_2.0.0.202105311346/tools/bin/../lib/gcc/arm-none-eabi/9.3.1/../../../../arm-none-eabi/lib/thumb/v7e-m+dp/hard\libc_nano.a(lib_a-mprec.o)
                0x000000000801328c                __lshift
 .text.__mcmp   0x0000000008013364       0x38 c:/st/stm32cubeide_1.6.0/stm32cubeide/plugins/com.st.stm32cube.ide.mcu.externaltools.gnu-tools-for-stm32.9-2020-q2-update.win32_2.0.0.202105311346/tools/bin/../lib/gcc/arm-none-eabi/9.3.1/../../../../arm-none-eabi/lib/thumb/v7e-m+dp/hard\libc_nano.a(lib_a-mprec.o)
                0x0000000008013364                __mcmp
 .text.__mdiff  0x000000000801339c      0x110 c:/st/stm32cubeide_1.6.0/stm32cubeide/plugins/com.st.stm32cube.ide.mcu.externaltools.gnu-tools-for-stm32.9-2020-q2-update.win32_2.0.0.202105311346/tools/bin/../lib/gcc/arm-none-eabi/9.3.1/../../../../arm-none-eabi/lib/thumb/v7e-m+dp/hard\libc_nano.a(lib_a-mprec.o)
                0x000000000801339c                __mdiff
 .text.__d2b    0x00000000080134ac       0xb8 c:/st/stm32cubeide_1.6.0/stm32cubeide/plugins/com.st.stm32cube.ide.mcu.externaltools.gnu-tools-for-stm32.9-2020-q2-update.win32_2.0.0.202105311346/tools/bin/../lib/gcc/arm-none-eabi/9.3.1/../../../../arm-none-eabi/lib/thumb/v7e-m+dp/hard\libc_nano.a(lib_a-mprec.o)
                0x00000000080134ac                __d2b
 .text._calloc_r
                0x0000000008013564       0x1e c:/st/stm32cubeide_1.6.0/stm32cubeide/plugins/com.st.stm32cube.ide.mcu.externaltools.gnu-tools-for-stm32.9-2020-q2-update.win32_2.0.0.202105311346/tools/bin/../lib/gcc/arm-none-eabi/9.3.1/../../../../arm-none-eabi/lib/thumb/v7e-m+dp/hard\libc_nano.a(lib_a-nano-callocr.o)
                0x0000000008013564                _calloc_r
 *fill*         0x0000000008013582        0x2 
 .text._free_r  0x0000000008013584       0xa0 c:/st/stm32cubeide_1.6.0/stm32cubeide/plugins/com.st.stm32cube.ide.mcu.externaltools.gnu-tools-for-stm32.9-2020-q2-update.win32_2.0.0.202105311346/tools/bin/../lib/gcc/arm-none-eabi/9.3.1/../../../../arm-none-eabi/lib/thumb/v7e-m+dp/hard\libc_nano.a(lib_a-nano-freer.o)
                0x0000000008013584                _free_r
 .text._malloc_r
                0x0000000008013624       0xb4 c:/st/stm32cubeide_1.6.0/stm32cubeide/plugins/com.st.stm32cube.ide.mcu.externaltools.gnu-tools-for-stm32.9-2020-q2-update.win32_2.0.0.202105311346/tools/bin/../lib/gcc/arm-none-eabi/9.3.1/../../../../arm-none-eabi/lib/thumb/v7e-m+dp/hard\libc_nano.a(lib_a-nano-mallocr.o)
                0x0000000008013624                _malloc_r
 .text.__sfputc_r
                0x00000000080136d8       0x2e c:/st/stm32cubeide_1.6.0/stm32cubeide/plugins/com.st.stm32cube.ide.mcu.externaltools.gnu-tools-for-stm32.9-2020-q2-update.win32_2.0.0.202105311346/tools/bin/../lib/gcc/arm-none-eabi/9.3.1/../../../../arm-none-eabi/lib/thumb/v7e-m+dp/hard\libc_nano.a(lib_a-nano-vfprintf.o)
 .text.__sfputs_r
                0x0000000008013706       0x24 c:/st/stm32cubeide_1.6.0/stm32cubeide/plugins/com.st.stm32cube.ide.mcu.externaltools.gnu-tools-for-stm32.9-2020-q2-update.win32_2.0.0.202105311346/tools/bin/../lib/gcc/arm-none-eabi/9.3.1/../../../../arm-none-eabi/lib/thumb/v7e-m+dp/hard\libc_nano.a(lib_a-nano-vfprintf.o)
                0x0000000008013706                __sfputs_r
 *fill*         0x000000000801372a        0x2 
 .text._vfprintf_r
                0x000000000801372c      0x260 c:/st/stm32cubeide_1.6.0/stm32cubeide/plugins/com.st.stm32cube.ide.mcu.externaltools.gnu-tools-for-stm32.9-2020-q2-update.win32_2.0.0.202105311346/tools/bin/../lib/gcc/arm-none-eabi/9.3.1/../../../../arm-none-eabi/lib/thumb/v7e-m+dp/hard\libc_nano.a(lib_a-nano-vfprintf.o)
                0x000000000801372c                _vfprintf_r
                0x000000000801372c                _vfiprintf_r
 .text._sbrk_r  0x000000000801398c       0x20 c:/st/stm32cubeide_1.6.0/stm32cubeide/plugins/com.st.stm32cube.ide.mcu.externaltools.gnu-tools-for-stm32.9-2020-q2-update.win32_2.0.0.202105311346/tools/bin/../lib/gcc/arm-none-eabi/9.3.1/../../../../arm-none-eabi/lib/thumb/v7e-m+dp/hard\libc_nano.a(lib_a-sbrkr.o)
                0x000000000801398c                _sbrk_r
 .text.__sread  0x00000000080139ac       0x22 c:/st/stm32cubeide_1.6.0/stm32cubeide/plugins/com.st.stm32cube.ide.mcu.externaltools.gnu-tools-for-stm32.9-2020-q2-update.win32_2.0.0.202105311346/tools/bin/../lib/gcc/arm-none-eabi/9.3.1/../../../../arm-none-eabi/lib/thumb/v7e-m+dp/hard\libc_nano.a(lib_a-stdio.o)
                0x00000000080139ac                __sread
 .text.__swrite
                0x00000000080139ce       0x38 c:/st/stm32cubeide_1.6.0/stm32cubeide/plugins/com.st.stm32cube.ide.mcu.externaltools.gnu-tools-for-stm32.9-2020-q2-update.win32_2.0.0.202105311346/tools/bin/../lib/gcc/arm-none-eabi/9.3.1/../../../../arm-none-eabi/lib/thumb/v7e-m+dp/hard\libc_nano.a(lib_a-stdio.o)
                0x00000000080139ce                __swrite
 .text.__sseek  0x0000000008013a06       0x24 c:/st/stm32cubeide_1.6.0/stm32cubeide/plugins/com.st.stm32cube.ide.mcu.externaltools.gnu-tools-for-stm32.9-2020-q2-update.win32_2.0.0.202105311346/tools/bin/../lib/gcc/arm-none-eabi/9.3.1/../../../../arm-none-eabi/lib/thumb/v7e-m+dp/hard\libc_nano.a(lib_a-stdio.o)
                0x0000000008013a06                __sseek
 .text.__sclose
                0x0000000008013a2a        0x8 c:/st/stm32cubeide_1.6.0/stm32cubeide/plugins/com.st.stm32cube.ide.mcu.externaltools.gnu-tools-for-stm32.9-2020-q2-update.win32_2.0.0.202105311346/tools/bin/../lib/gcc/arm-none-eabi/9.3.1/../../../../arm-none-eabi/lib/thumb/v7e-m+dp/hard\libc_nano.a(lib_a-stdio.o)
                0x0000000008013a2a                __sclose
 *fill*         0x0000000008013a32        0x2 
 .text._write_r
                0x0000000008013a34       0x24 c:/st/stm32cubeide_1.6.0/stm32cubeide/plugins/com.st.stm32cube.ide.mcu.externaltools.gnu-tools-for-stm32.9-2020-q2-update.win32_2.0.0.202105311346/tools/bin/../lib/gcc/arm-none-eabi/9.3.1/../../../../arm-none-eabi/lib/thumb/v7e-m+dp/hard\libc_nano.a(lib_a-writer.o)
                0x0000000008013a34                _write_r
 .text.__assert_func
                0x0000000008013a58       0x3c c:/st/stm32cubeide_1.6.0/stm32cubeide/plugins/com.st.stm32cube.ide.mcu.externaltools.gnu-tools-for-stm32.9-2020-q2-update.win32_2.0.0.202105311346/tools/bin/../lib/gcc/arm-none-eabi/9.3.1/../../../../arm-none-eabi/lib/thumb/v7e-m+dp/hard\libc_nano.a(lib_a-assert.o)
                0x0000000008013a58                __assert_func
 .text._close_r
                0x0000000008013a94       0x20 c:/st/stm32cubeide_1.6.0/stm32cubeide/plugins/com.st.stm32cube.ide.mcu.externaltools.gnu-tools-for-stm32.9-2020-q2-update.win32_2.0.0.202105311346/tools/bin/../lib/gcc/arm-none-eabi/9.3.1/../../../../arm-none-eabi/lib/thumb/v7e-m+dp/hard\libc_nano.a(lib_a-closer.o)
                0x0000000008013a94                _close_r
 .text.fprintf  0x0000000008013ab4       0x24 c:/st/stm32cubeide_1.6.0/stm32cubeide/plugins/com.st.stm32cube.ide.mcu.externaltools.gnu-tools-for-stm32.9-2020-q2-update.win32_2.0.0.202105311346/tools/bin/../lib/gcc/arm-none-eabi/9.3.1/../../../../arm-none-eabi/lib/thumb/v7e-m+dp/hard\libc_nano.a(lib_a-fprintf.o)
                0x0000000008013ab4                fiprintf
                0x0000000008013ab4                fprintf
 .text._fstat_r
                0x0000000008013ad8       0x24 c:/st/stm32cubeide_1.6.0/stm32cubeide/plugins/com.st.stm32cube.ide.mcu.externaltools.gnu-tools-for-stm32.9-2020-q2-update.win32_2.0.0.202105311346/tools/bin/../lib/gcc/arm-none-eabi/9.3.1/../../../../arm-none-eabi/lib/thumb/v7e-m+dp/hard\libc_nano.a(lib_a-fstatr.o)
                0x0000000008013ad8                _fstat_r
 .text._isatty_r
                0x0000000008013afc       0x20 c:/st/stm32cubeide_1.6.0/stm32cubeide/plugins/com.st.stm32cube.ide.mcu.externaltools.gnu-tools-for-stm32.9-2020-q2-update.win32_2.0.0.202105311346/tools/bin/../lib/gcc/arm-none-eabi/9.3.1/../../../../arm-none-eabi/lib/thumb/v7e-m+dp/hard\libc_nano.a(lib_a-isattyr.o)
                0x0000000008013afc                _isatty_r
 .text._lseek_r
                0x0000000008013b1c       0x24 c:/st/stm32cubeide_1.6.0/stm32cubeide/plugins/com.st.stm32cube.ide.mcu.externaltools.gnu-tools-for-stm32.9-2020-q2-update.win32_2.0.0.202105311346/tools/bin/../lib/gcc/arm-none-eabi/9.3.1/../../../../arm-none-eabi/lib/thumb/v7e-m+dp/hard\libc_nano.a(lib_a-lseekr.o)
                0x0000000008013b1c                _lseek_r
 .text.__ascii_mbtowc
                0x0000000008013b40       0x24 c:/st/stm32cubeide_1.6.0/stm32cubeide/plugins/com.st.stm32cube.ide.mcu.externaltools.gnu-tools-for-stm32.9-2020-q2-update.win32_2.0.0.202105311346/tools/bin/../lib/gcc/arm-none-eabi/9.3.1/../../../../arm-none-eabi/lib/thumb/v7e-m+dp/hard\libc_nano.a(lib_a-mbtowc_r.o)
                0x0000000008013b40                __ascii_mbtowc
 .text.__malloc_lock
                0x0000000008013b64        0xc c:/st/stm32cubeide_1.6.0/stm32cubeide/plugins/com.st.stm32cube.ide.mcu.externaltools.gnu-tools-for-stm32.9-2020-q2-update.win32_2.0.0.202105311346/tools/bin/../lib/gcc/arm-none-eabi/9.3.1/../../../../arm-none-eabi/lib/thumb/v7e-m+dp/hard\libc_nano.a(lib_a-mlock.o)
                0x0000000008013b64                __malloc_lock
 .text.__malloc_unlock
                0x0000000008013b70        0xc c:/st/stm32cubeide_1.6.0/stm32cubeide/plugins/com.st.stm32cube.ide.mcu.externaltools.gnu-tools-for-stm32.9-2020-q2-update.win32_2.0.0.202105311346/tools/bin/../lib/gcc/arm-none-eabi/9.3.1/../../../../arm-none-eabi/lib/thumb/v7e-m+dp/hard\libc_nano.a(lib_a-mlock.o)
                0x0000000008013b70                __malloc_unlock
 .text._read_r  0x0000000008013b7c       0x24 c:/st/stm32cubeide_1.6.0/stm32cubeide/plugins/com.st.stm32cube.ide.mcu.externaltools.gnu-tools-for-stm32.9-2020-q2-update.win32_2.0.0.202105311346/tools/bin/../lib/gcc/arm-none-eabi/9.3.1/../../../../arm-none-eabi/lib/thumb/v7e-m+dp/hard\libc_nano.a(lib_a-readr.o)
                0x0000000008013b7c                _read_r
 .text.__ascii_wctomb
                0x0000000008013ba0       0x1a c:/st/stm32cubeide_1.6.0/stm32cubeide/plugins/com.st.stm32cube.ide.mcu.externaltools.gnu-tools-for-stm32.9-2020-q2-update.win32_2.0.0.202105311346/tools/bin/../lib/gcc/arm-none-eabi/9.3.1/../../../../arm-none-eabi/lib/thumb/v7e-m+dp/hard\libc_nano.a(lib_a-wctomb_r.o)
                0x0000000008013ba0                __ascii_wctomb
 .text.abort    0x0000000008013bba        0xe c:/st/stm32cubeide_1.6.0/stm32cubeide/plugins/com.st.stm32cube.ide.mcu.externaltools.gnu-tools-for-stm32.9-2020-q2-update.win32_2.0.0.202105311346/tools/bin/../lib/gcc/arm-none-eabi/9.3.1/../../../../arm-none-eabi/lib/thumb/v7e-m+dp/hard\libc_nano.a(lib_a-abort.o)
                0x0000000008013bba                abort
 .text._raise_r
                0x0000000008013bc8       0x50 c:/st/stm32cubeide_1.6.0/stm32cubeide/plugins/com.st.stm32cube.ide.mcu.externaltools.gnu-tools-for-stm32.9-2020-q2-update.win32_2.0.0.202105311346/tools/bin/../lib/gcc/arm-none-eabi/9.3.1/../../../../arm-none-eabi/lib/thumb/v7e-m+dp/hard\libc_nano.a(lib_a-signal.o)
                0x0000000008013bc8                _raise_r
 .text.raise    0x0000000008013c18       0x10 c:/st/stm32cubeide_1.6.0/stm32cubeide/plugins/com.st.stm32cube.ide.mcu.externaltools.gnu-tools-for-stm32.9-2020-q2-update.win32_2.0.0.202105311346/tools/bin/../lib/gcc/arm-none-eabi/9.3.1/../../../../arm-none-eabi/lib/thumb/v7e-m+dp/hard\libc_nano.a(lib_a-signal.o)
                0x0000000008013c18                raise
 .text._kill_r  0x0000000008013c28       0x24 c:/st/stm32cubeide_1.6.0/stm32cubeide/plugins/com.st.stm32cube.ide.mcu.externaltools.gnu-tools-for-stm32.9-2020-q2-update.win32_2.0.0.202105311346/tools/bin/../lib/gcc/arm-none-eabi/9.3.1/../../../../arm-none-eabi/lib/thumb/v7e-m+dp/hard\libc_nano.a(lib_a-signalr.o)
                0x0000000008013c28                _kill_r
 .text._getpid_r
                0x0000000008013c4c        0x4 c:/st/stm32cubeide_1.6.0/stm32cubeide/plugins/com.st.stm32cube.ide.mcu.externaltools.gnu-tools-for-stm32.9-2020-q2-update.win32_2.0.0.202105311346/tools/bin/../lib/gcc/arm-none-eabi/9.3.1/../../../../arm-none-eabi/lib/thumb/v7e-m+dp/hard\libc_nano.a(lib_a-signalr.o)
                0x0000000008013c4c                _getpid_r
 .text.atan2    0x0000000008013c50        0x4 c:/st/stm32cubeide_1.6.0/stm32cubeide/plugins/com.st.stm32cube.ide.mcu.externaltools.gnu-tools-for-stm32.9-2020-q2-update.win32_2.0.0.202105311346/tools/bin/../lib/gcc/arm-none-eabi/9.3.1/../../../../arm-none-eabi/lib/thumb/v7e-m+dp/hard\libm.a(lib_a-w_atan2.o)
                0x0000000008013c50                atan2
 *fill*         0x0000000008013c54        0x4 
 .text.sqrt     0x0000000008013c58       0x54 c:/st/stm32cubeide_1.6.0/stm32cubeide/plugins/com.st.stm32cube.ide.mcu.externaltools.gnu-tools-for-stm32.9-2020-q2-update.win32_2.0.0.202105311346/tools/bin/../lib/gcc/arm-none-eabi/9.3.1/../../../../arm-none-eabi/lib/thumb/v7e-m+dp/hard\libm.a(lib_a-w_sqrt.o)
                0x0000000008013c58                sqrt
 .text.asinf    0x0000000008013cac       0x64 c:/st/stm32cubeide_1.6.0/stm32cubeide/plugins/com.st.stm32cube.ide.mcu.externaltools.gnu-tools-for-stm32.9-2020-q2-update.win32_2.0.0.202105311346/tools/bin/../lib/gcc/arm-none-eabi/9.3.1/../../../../arm-none-eabi/lib/thumb/v7e-m+dp/hard\libm.a(lib_a-wf_asin.o)
                0x0000000008013cac                asinf
 .text.atan2f   0x0000000008013d10        0x4 c:/st/stm32cubeide_1.6.0/stm32cubeide/plugins/com.st.stm32cube.ide.mcu.externaltools.gnu-tools-for-stm32.9-2020-q2-update.win32_2.0.0.202105311346/tools/bin/../lib/gcc/arm-none-eabi/9.3.1/../../../../arm-none-eabi/lib/thumb/v7e-m+dp/hard\libm.a(lib_a-wf_atan2.o)
                0x0000000008013d10                atan2f
 *fill*         0x0000000008013d14        0x4 
 .text.__ieee754_atan2
                0x0000000008013d18      0x19c c:/st/stm32cubeide_1.6.0/stm32cubeide/plugins/com.st.stm32cube.ide.mcu.externaltools.gnu-tools-for-stm32.9-2020-q2-update.win32_2.0.0.202105311346/tools/bin/../lib/gcc/arm-none-eabi/9.3.1/../../../../arm-none-eabi/lib/thumb/v7e-m+dp/hard\libm.a(lib_a-e_atan2.o)
                0x0000000008013d18                __ieee754_atan2
 .text.__ieee754_sqrt
                0x0000000008013eb4        0x6 c:/st/stm32cubeide_1.6.0/stm32cubeide/plugins/com.st.stm32cube.ide.mcu.externaltools.gnu-tools-for-stm32.9-2020-q2-update.win32_2.0.0.202105311346/tools/bin/../lib/gcc/arm-none-eabi/9.3.1/../../../../arm-none-eabi/lib/thumb/v7e-m+dp/hard\libm.a(lib_a-e_sqrt.o)
                0x0000000008013eb4                __ieee754_sqrt
 *fill*         0x0000000008013eba        0x2 
 .text.__ieee754_asinf
                0x0000000008013ebc      0x1cc c:/st/stm32cubeide_1.6.0/stm32cubeide/plugins/com.st.stm32cube.ide.mcu.externaltools.gnu-tools-for-stm32.9-2020-q2-update.win32_2.0.0.202105311346/tools/bin/../lib/gcc/arm-none-eabi/9.3.1/../../../../arm-none-eabi/lib/thumb/v7e-m+dp/hard\libm.a(lib_a-ef_asin.o)
                0x0000000008013ebc                __ieee754_asinf
 .text.__ieee754_atan2f
                0x0000000008014088      0x13c c:/st/stm32cubeide_1.6.0/stm32cubeide/plugins/com.st.stm32cube.ide.mcu.externaltools.gnu-tools-for-stm32.9-2020-q2-update.win32_2.0.0.202105311346/tools/bin/../lib/gcc/arm-none-eabi/9.3.1/../../../../arm-none-eabi/lib/thumb/v7e-m+dp/hard\libm.a(lib_a-ef_atan2.o)
                0x0000000008014088                __ieee754_atan2f
 .text.__ieee754_sqrtf
                0x00000000080141c4        0x6 c:/st/stm32cubeide_1.6.0/stm32cubeide/plugins/com.st.stm32cube.ide.mcu.externaltools.gnu-tools-for-stm32.9-2020-q2-update.win32_2.0.0.202105311346/tools/bin/../lib/gcc/arm-none-eabi/9.3.1/../../../../arm-none-eabi/lib/thumb/v7e-m+dp/hard\libm.a(lib_a-ef_sqrt.o)
                0x00000000080141c4                __ieee754_sqrtf
 *fill*         0x00000000080141ca        0x6 
 .text.atan     0x00000000080141d0      0x1f4 c:/st/stm32cubeide_1.6.0/stm32cubeide/plugins/com.st.stm32cube.ide.mcu.externaltools.gnu-tools-for-stm32.9-2020-q2-update.win32_2.0.0.202105311346/tools/bin/../lib/gcc/arm-none-eabi/9.3.1/../../../../arm-none-eabi/lib/thumb/v7e-m+dp/hard\libm.a(lib_a-s_atan.o)
                0x00000000080141d0                atan
 .text.fabs     0x00000000080143c4       0x12 c:/st/stm32cubeide_1.6.0/stm32cubeide/plugins/com.st.stm32cube.ide.mcu.externaltools.gnu-tools-for-stm32.9-2020-q2-update.win32_2.0.0.202105311346/tools/bin/../lib/gcc/arm-none-eabi/9.3.1/../../../../arm-none-eabi/lib/thumb/v7e-m+dp/hard\libm.a(lib_a-s_fabs.o)
                0x00000000080143c4                fabs
 *fill*         0x00000000080143d6        0x2 
 .text.atanf    0x00000000080143d8      0x1a8 c:/st/stm32cubeide_1.6.0/stm32cubeide/plugins/com.st.stm32cube.ide.mcu.externaltools.gnu-tools-for-stm32.9-2020-q2-update.win32_2.0.0.202105311346/tools/bin/../lib/gcc/arm-none-eabi/9.3.1/../../../../arm-none-eabi/lib/thumb/v7e-m+dp/hard\libm.a(lib_a-sf_atan.o)
                0x00000000080143d8                atanf
 .text.fabsf    0x0000000008014580        0xe c:/st/stm32cubeide_1.6.0/stm32cubeide/plugins/com.st.stm32cube.ide.mcu.externaltools.gnu-tools-for-stm32.9-2020-q2-update.win32_2.0.0.202105311346/tools/bin/../lib/gcc/arm-none-eabi/9.3.1/../../../../arm-none-eabi/lib/thumb/v7e-m+dp/hard\libm.a(lib_a-sf_fabs.o)
                0x0000000008014580                fabsf
 *fill*         0x000000000801458e        0x2 
 .text.nanf     0x0000000008014590        0xc c:/st/stm32cubeide_1.6.0/stm32cubeide/plugins/com.st.stm32cube.ide.mcu.externaltools.gnu-tools-for-stm32.9-2020-q2-update.win32_2.0.0.202105311346/tools/bin/../lib/gcc/arm-none-eabi/9.3.1/../../../../arm-none-eabi/lib/thumb/v7e-m+dp/hard\libm.a(lib_a-sf_nan.o)
                0x0000000008014590                nanf
 *(.glue_7)
 .glue_7        0x000000000801459c        0x0 linker stubs
 *(.glue_7t)
 .glue_7t       0x000000000801459c        0x0 linker stubs
 *(.eh_frame)
 .eh_frame      0x000000000801459c        0x0 c:/st/stm32cubeide_1.6.0/stm32cubeide/plugins/com.st.stm32cube.ide.mcu.externaltools.gnu-tools-for-stm32.9-2020-q2-update.win32_2.0.0.202105311346/tools/bin/../lib/gcc/arm-none-eabi/9.3.1/thumb/v7e-m+dp/hard/crtbegin.o
 *(.init)
 .init          0x000000000801459c        0x4 c:/st/stm32cubeide_1.6.0/stm32cubeide/plugins/com.st.stm32cube.ide.mcu.externaltools.gnu-tools-for-stm32.9-2020-q2-update.win32_2.0.0.202105311346/tools/bin/../lib/gcc/arm-none-eabi/9.3.1/thumb/v7e-m+dp/hard/crti.o
                0x000000000801459c                _init
 .init          0x00000000080145a0        0x8 c:/st/stm32cubeide_1.6.0/stm32cubeide/plugins/com.st.stm32cube.ide.mcu.externaltools.gnu-tools-for-stm32.9-2020-q2-update.win32_2.0.0.202105311346/tools/bin/../lib/gcc/arm-none-eabi/9.3.1/thumb/v7e-m+dp/hard/crtn.o
 *(.fini)
 .fini          0x00000000080145a8        0x4 c:/st/stm32cubeide_1.6.0/stm32cubeide/plugins/com.st.stm32cube.ide.mcu.externaltools.gnu-tools-for-stm32.9-2020-q2-update.win32_2.0.0.202105311346/tools/bin/../lib/gcc/arm-none-eabi/9.3.1/thumb/v7e-m+dp/hard/crti.o
                0x00000000080145a8                _fini
 .fini          0x00000000080145ac        0x8 c:/st/stm32cubeide_1.6.0/stm32cubeide/plugins/com.st.stm32cube.ide.mcu.externaltools.gnu-tools-for-stm32.9-2020-q2-update.win32_2.0.0.202105311346/tools/bin/../lib/gcc/arm-none-eabi/9.3.1/thumb/v7e-m+dp/hard/crtn.o
                0x00000000080145b4                . = ALIGN (0x4)
                0x00000000080145b4                _etext = .

.vfp11_veneer   0x00000000080145b4        0x0
 .vfp11_veneer  0x00000000080145b4        0x0 linker stubs

.v4_bx          0x00000000080145b4        0x0
 .v4_bx         0x00000000080145b4        0x0 linker stubs

.iplt           0x00000000080145b4        0x0
 .iplt          0x00000000080145b4        0x0 c:/st/stm32cubeide_1.6.0/stm32cubeide/plugins/com.st.stm32cube.ide.mcu.externaltools.gnu-tools-for-stm32.9-2020-q2-update.win32_2.0.0.202105311346/tools/bin/../lib/gcc/arm-none-eabi/9.3.1/thumb/v7e-m+dp/hard/crtbegin.o

.rodata         0x00000000080145b8      0x568
                0x00000000080145b8                . = ALIGN (0x4)
 *(.rodata)
 .rodata        0x00000000080145b8       0x9c ./Core/Src/main.o
 *(.rodata*)
 .rodata.D1CorePrescTable
                0x0000000008014654       0x10 ./Core/Src/system_stm32h7xx.o
                0x0000000008014654                D1CorePrescTable
 .rodata.flagBitshiftOffset.11160
                0x0000000008014664        0x8 ./Drivers/STM32H7xx_HAL_Driver/Src/stm32h7xx_hal_dma.o
 .rodata.UARTPrescTable
                0x000000000801466c       0x18 ./Drivers/STM32H7xx_HAL_Driver/Src/stm32h7xx_hal_uart.o
                0x000000000801466c                UARTPrescTable
 .rodata.numerator.11115
                0x0000000008014684        0x8 ./Drivers/STM32H7xx_HAL_Driver/Src/stm32h7xx_hal_uart_ex.o
 .rodata.denominator.11116