main.c:119:5:_write	24	static
main.c:130:5:main	56	static
main.c:380:6:SystemClock_Config	120	static
main.c:437:6:PeriphCommonClock_Config	200	static
main.c:456:13:MX_I2C1_Init	8	static
main.c:502:13:MX_SPI1_Init	8	static
main.c:550:13:MX_TIM3_Init	64	static
main.c:621:13:MX_TIM7_Init	24	static
main.c:659:13:MX_USART1_UART_Init	8	static
main.c:707:13:MX_USART2_UART_Init	8	static
main.c:753:13:MX_DMA_Init	16	static
main.c:780:13:MX_GPIO_Init	48	static
main.c:824:6:Compass_Calibration	24	static
main.c:869:6:ESC_Calibration	8	static
main.c:883:6:Stop_Motor	16	static
main.c:896:6:Error_Handler	4	static,ignoring_inline_asm
