main.c:122:5:_write	24	static
main.c:133:5:main	56	static
main.c:379:6:SystemClock_Config	120	static
main.c:436:6:PeriphCommonClock_Config	200	static
main.c:455:13:MX_I2C1_Init	8	static
main.c:501:13:MX_SPI1_Init	8	static
main.c:549:13:MX_TIM3_Init	64	static
main.c:620:13:MX_TIM7_Init	24	static
main.c:658:13:MX_USART1_UART_Init	8	static
main.c:706:13:MX_USART2_UART_Init	8	static
main.c:754:13:MX_USART3_UART_Init	8	static
main.c:800:13:MX_DMA_Init	16	static
main.c:830:13:MX_GPIO_Init	48	static
main.c:874:6:Compass_Calibration	24	static
main.c:919:6:ESC_Calibration	8	static
main.c:933:6:Stop_Motor	16	static
main.c:946:6:Error_Handler	4	static,ignoring_inline_asm
