main.c:100:5:_write	24	static
main.c:110:5:main	56	static
main.c:242:6:SystemClock_Config	120	static
main.c:299:6:PeriphCommonClock_Config	200	static
main.c:318:13:MX_I2C1_Init	8	static
main.c:364:13:MX_SPI1_Init	8	static
main.c:412:13:MX_TIM7_Init	24	static
main.c:450:13:MX_USART1_UART_Init	8	static
main.c:498:13:MX_USART2_UART_Init	8	static
main.c:544:13:MX_DMA_Init	16	static
main.c:565:13:MX_GPIO_Init	40	static
main.c:597:6:Compass_Calibration	24	static
main.c:647:6:Error_Handler	4	static,ignoring_inline_asm
