stm32h7xx_it.c:80:6:NMI_Handler	4	static
stm32h7xx_it.c:95:6:HardFault_Handler	4	static
stm32h7xx_it.c:110:6:MemManage_Handler	4	static
stm32h7xx_it.c:125:6:BusFault_Handler	4	static
stm32h7xx_it.c:140:6:UsageFault_Handler	4	static
stm32h7xx_it.c:155:6:SVC_Handler	4	static
stm32h7xx_it.c:168:6:DebugMon_Handler	4	static
stm32h7xx_it.c:181:6:PendSV_Handler	4	static
stm32h7xx_it.c:194:6:SysTick_Handler	8	static
stm32h7xx_it.c:215:6:DMA1_Stream0_IRQHandler	8	static
stm32h7xx_it.c:229:6:DMA1_Stream1_IRQHandler	8	static
stm32h7xx_it.c:243:6:I2C1_EV_IRQHandler	8	static
stm32h7xx_it.c:257:6:USART1_IRQHandler	8	static
stm32h7xx_it.c:271:6:TIM7_IRQHandler	8	static
stm32h7xx_it.c:283:6:HAL_TIM_PeriodElapsedCallback	16	static
stm32h7xx_it.c:305:6:HAL_UART_RxCpltCallback	16	static
