stm32h7xx_it.c:93:6:NMI_Handler	4	static
stm32h7xx_it.c:108:6:HardFault_Handler	4	static
stm32h7xx_it.c:123:6:MemManage_Handler	4	static
stm32h7xx_it.c:138:6:BusFault_Handler	4	static
stm32h7xx_it.c:153:6:UsageFault_Handler	4	static
stm32h7xx_it.c:168:6:SVC_Handler	4	static
stm32h7xx_it.c:181:6:DebugMon_Handler	4	static
stm32h7xx_it.c:194:6:PendSV_Handler	4	static
stm32h7xx_it.c:207:6:SysTick_Handler	8	static
stm32h7xx_it.c:228:6:DMA1_Stream0_IRQHandler	8	static
stm32h7xx_it.c:242:6:DMA1_Stream1_IRQHandler	8	static
stm32h7xx_it.c:256:6:DMA1_Stream2_IRQHandler	8	static
stm32h7xx_it.c:270:6:I2C1_EV_IRQHandler	8	static
stm32h7xx_it.c:284:6:USART1_IRQHandler	8	static
stm32h7xx_it.c:298:6:USART2_IRQHandler	8	static
stm32h7xx_it.c:312:6:TIM7_IRQHandler	8	static
stm32h7xx_it.c:324:6:HAL_TIM_PeriodElapsedCallback	16	static
stm32h7xx_it.c:346:6:HAL_UART_RxCpltCallback	16	static
stm32h7xx_it.c:390:6:Receive_Command	4	static
stm32h7xx_it.c:411:5:Is_iBus_Received	16	static
