stm32h7xx_it.c:98:6:NMI_Handler	4	static
stm32h7xx_it.c:113:6:HardFault_Handler	4	static
stm32h7xx_it.c:128:6:MemManage_Handler	4	static
stm32h7xx_it.c:143:6:BusFault_Handler	4	static
stm32h7xx_it.c:158:6:UsageFault_Handler	4	static
stm32h7xx_it.c:173:6:SVC_Handler	4	static
stm32h7xx_it.c:186:6:DebugMon_Handler	4	static
stm32h7xx_it.c:199:6:PendSV_Handler	4	static
stm32h7xx_it.c:212:6:SysTick_Handler	8	static
stm32h7xx_it.c:233:6:DMA1_Stream0_IRQHandler	8	static
stm32h7xx_it.c:247:6:DMA1_Stream1_IRQHandler	8	static
stm32h7xx_it.c:261:6:DMA1_Stream2_IRQHandler	8	static
stm32h7xx_it.c:275:6:DMA1_Stream3_IRQHandler	8	static
stm32h7xx_it.c:289:6:TIM3_IRQHandler	8	static
stm32h7xx_it.c:303:6:I2C1_EV_IRQHandler	8	static
stm32h7xx_it.c:317:6:USART1_IRQHandler	8	static
stm32h7xx_it.c:331:6:USART2_IRQHandler	8	static
stm32h7xx_it.c:345:6:TIM7_IRQHandler	8	static
stm32h7xx_it.c:382:6:HAL_TIM_PeriodElapsedCallback	16	static
stm32h7xx_it.c:412:6:HAL_UART_RxCpltCallback	16	static
stm32h7xx_it.c:453:6:Receive_Command	4	static
stm32h7xx_it.c:475:5:Is_iBus_Received	16	static
stm32h7xx_it.c:501:5:Is_Throttle_Min	8	static
