stm32h7xx_it.c:92:6:NMI_Handler	4	static
stm32h7xx_it.c:107:6:HardFault_Handler	4	static
stm32h7xx_it.c:122:6:MemManage_Handler	4	static
stm32h7xx_it.c:137:6:BusFault_Handler	4	static
stm32h7xx_it.c:152:6:UsageFault_Handler	4	static
stm32h7xx_it.c:167:6:SVC_Handler	4	static
stm32h7xx_it.c:180:6:DebugMon_Handler	4	static
stm32h7xx_it.c:193:6:PendSV_Handler	4	static
stm32h7xx_it.c:206:6:SysTick_Handler	8	static
stm32h7xx_it.c:227:6:DMA1_Stream0_IRQHandler	8	static
stm32h7xx_it.c:241:6:DMA1_Stream1_IRQHandler	8	static
stm32h7xx_it.c:255:6:DMA1_Stream2_IRQHandler	8	static
stm32h7xx_it.c:269:6:I2C1_EV_IRQHandler	8	static
stm32h7xx_it.c:283:6:USART1_IRQHandler	8	static
stm32h7xx_it.c:297:6:USART2_IRQHandler	8	static
stm32h7xx_it.c:311:6:TIM7_IRQHandler	8	static
stm32h7xx_it.c:323:6:HAL_TIM_PeriodElapsedCallback	16	static
stm32h7xx_it.c:345:6:HAL_UART_RxCpltCallback	24	static
stm32h7xx_it.c:359:6:Receive_Command	4	static
stm32h7xx_it.c:380:5:Is_iBus_Received	16	static
