stm32h7xx_it.c:100:6:NMI_Handler	4	static
stm32h7xx_it.c:115:6:HardFault_Handler	4	static
stm32h7xx_it.c:130:6:MemManage_Handler	4	static
stm32h7xx_it.c:145:6:BusFault_Handler	4	static
stm32h7xx_it.c:160:6:UsageFault_Handler	4	static
stm32h7xx_it.c:175:6:SVC_Handler	4	static
stm32h7xx_it.c:188:6:DebugMon_Handler	4	static
stm32h7xx_it.c:201:6:PendSV_Handler	4	static
stm32h7xx_it.c:214:6:SysTick_Handler	8	static
stm32h7xx_it.c:235:6:DMA1_Stream0_IRQHandler	8	static
stm32h7xx_it.c:249:6:DMA1_Stream1_IRQHandler	8	static
stm32h7xx_it.c:263:6:DMA1_Stream2_IRQHandler	8	static
stm32h7xx_it.c:277:6:DMA1_Stream3_IRQHandler	8	static
stm32h7xx_it.c:291:6:TIM3_IRQHandler	8	static
stm32h7xx_it.c:305:6:I2C1_EV_IRQHandler	8	static
stm32h7xx_it.c:319:6:USART1_IRQHandler	8	static
stm32h7xx_it.c:333:6:USART2_IRQHandler	8	static
stm32h7xx_it.c:347:6:TIM7_IRQHandler	8	static
stm32h7xx_it.c:384:6:HAL_TIM_PeriodElapsedCallback	16	static
stm32h7xx_it.c:420:6:HAL_UART_RxCpltCallback	16	static
stm32h7xx_it.c:461:6:Receive_Command	4	static
stm32h7xx_it.c:483:5:Is_iBus_Received	16	static
stm32h7xx_it.c:510:5:Is_Throttle_Min	8	static
