stm32h7xx_it.c:90:6:NMI_Handler	4	static
stm32h7xx_it.c:105:6:HardFault_Handler	4	static
stm32h7xx_it.c:120:6:MemManage_Handler	4	static
stm32h7xx_it.c:135:6:BusFault_Handler	4	static
stm32h7xx_it.c:150:6:UsageFault_Handler	4	static
stm32h7xx_it.c:165:6:SVC_Handler	4	static
stm32h7xx_it.c:178:6:DebugMon_Handler	4	static
stm32h7xx_it.c:191:6:PendSV_Handler	4	static
stm32h7xx_it.c:204:6:SysTick_Handler	8	static
stm32h7xx_it.c:225:6:DMA1_Stream0_IRQHandler	8	static
stm32h7xx_it.c:239:6:DMA1_Stream1_IRQHandler	8	static
stm32h7xx_it.c:253:6:I2C1_EV_IRQHandler	8	static
stm32h7xx_it.c:267:6:USART1_IRQHandler	8	static
stm32h7xx_it.c:281:6:USART2_IRQHandler	8	static
stm32h7xx_it.c:295:6:TIM7_IRQHandler	8	static
stm32h7xx_it.c:307:6:HAL_TIM_PeriodElapsedCallback	16	static
stm32h7xx_it.c:329:6:HAL_UART_RxCpltCallback	16	static
stm32h7xx_it.c:377:6:Receive_Command	4	static
stm32h7xx_it.c:398:5:Is_iBus_Received	16	static
