stm32h7xx_it.c:102:6:NMI_Handler	4	static
stm32h7xx_it.c:117:6:HardFault_Handler	4	static
stm32h7xx_it.c:132:6:MemManage_Handler	4	static
stm32h7xx_it.c:147:6:BusFault_Handler	4	static
stm32h7xx_it.c:162:6:UsageFault_Handler	4	static
stm32h7xx_it.c:177:6:SVC_Handler	4	static
stm32h7xx_it.c:190:6:DebugMon_Handler	4	static
stm32h7xx_it.c:203:6:PendSV_Handler	4	static
stm32h7xx_it.c:216:6:SysTick_Handler	8	static
stm32h7xx_it.c:237:6:DMA1_Stream0_IRQHandler	8	static
stm32h7xx_it.c:251:6:DMA1_Stream1_IRQHandler	8	static
stm32h7xx_it.c:265:6:DMA1_Stream2_IRQHandler	8	static
stm32h7xx_it.c:279:6:DMA1_Stream3_IRQHandler	8	static
stm32h7xx_it.c:293:6:DMA1_Stream4_IRQHandler	8	static
stm32h7xx_it.c:307:6:TIM3_IRQHandler	8	static
stm32h7xx_it.c:321:6:I2C1_EV_IRQHandler	8	static
stm32h7xx_it.c:335:6:USART1_IRQHandler	8	static
stm32h7xx_it.c:349:6:USART2_IRQHandler	8	static
stm32h7xx_it.c:363:6:USART3_IRQHandler	8	static
stm32h7xx_it.c:377:6:TIM7_IRQHandler	8	static
stm32h7xx_it.c:414:6:HAL_TIM_PeriodElapsedCallback	16	static
stm32h7xx_it.c:450:6:HAL_UART_RxCpltCallback	16	static
stm32h7xx_it.c:491:6:Receive_Command	4	static
stm32h7xx_it.c:513:5:Is_iBus_Received	16	static
stm32h7xx_it.c:536:5:Is_Throttle_Min	8	static
