stm32h7xx_it.c:97:6:NMI_Handler	4	static
stm32h7xx_it.c:112:6:HardFault_Handler	4	static
stm32h7xx_it.c:127:6:MemManage_Handler	4	static
stm32h7xx_it.c:142:6:BusFault_Handler	4	static
stm32h7xx_it.c:157:6:UsageFault_Handler	4	static
stm32h7xx_it.c:172:6:SVC_Handler	4	static
stm32h7xx_it.c:185:6:DebugMon_Handler	4	static
stm32h7xx_it.c:198:6:PendSV_Handler	4	static
stm32h7xx_it.c:211:6:SysTick_Handler	8	static
stm32h7xx_it.c:232:6:DMA1_Stream0_IRQHandler	8	static
stm32h7xx_it.c:246:6:DMA1_Stream1_IRQHandler	8	static
stm32h7xx_it.c:260:6:DMA1_Stream2_IRQHandler	8	static
stm32h7xx_it.c:274:6:DMA1_Stream3_IRQHandler	8	static
stm32h7xx_it.c:288:6:I2C1_EV_IRQHandler	8	static
stm32h7xx_it.c:302:6:USART1_IRQHandler	8	static
stm32h7xx_it.c:316:6:USART2_IRQHandler	8	static
stm32h7xx_it.c:330:6:USART3_IRQHandler	8	static
stm32h7xx_it.c:344:6:TIM7_IRQHandler	8	static
stm32h7xx_it.c:356:6:HAL_TIM_PeriodElapsedCallback	16	static
stm32h7xx_it.c:385:6:HAL_UART_RxCpltCallback	16	static
stm32h7xx_it.c:429:6:Receive_Command	4	static
stm32h7xx_it.c:451:5:Is_iBus_Received	16	static
stm32h7xx_it.c:474:5:Is_Throttle_Min	8	static
