stm32h7xx_it.c:79:6:NMI_Handler	4	static
stm32h7xx_it.c:94:6:HardFault_Handler	4	static
stm32h7xx_it.c:109:6:MemManage_Handler	4	static
stm32h7xx_it.c:124:6:BusFault_Handler	4	static
stm32h7xx_it.c:139:6:UsageFault_Handler	4	static
stm32h7xx_it.c:154:6:SVC_Handler	4	static
stm32h7xx_it.c:167:6:DebugMon_Handler	4	static
stm32h7xx_it.c:180:6:PendSV_Handler	4	static
stm32h7xx_it.c:193:6:SysTick_Handler	8	static
stm32h7xx_it.c:214:6:DMA1_Stream0_IRQHandler	8	static
stm32h7xx_it.c:228:6:DMA1_Stream1_IRQHandler	8	static
stm32h7xx_it.c:242:6:I2C1_EV_IRQHandler	8	static
stm32h7xx_it.c:256:6:USART1_IRQHandler	8	static
stm32h7xx_it.c:270:6:TIM7_IRQHandler	8	static
stm32h7xx_it.c:282:6:HAL_TIM_PeriodElapsedCallback	16	static
stm32h7xx_it.c:301:6:HAL_I2C_MemRxCpltCallback	16	static
