w25qxx.c:20:9:W25qxx_Spi	24	static
w25qxx.c:29:10:W25qxx_ReadID	24	static
w25qxx.c:42:6:W25qxx_ReadUniqID	24	static
w25qxx.c:53:6:W25qxx_WriteEnable	8	static
w25qxx.c:61:6:W25qxx_WriteDisable	8	static
w25qxx.c:69:9:W25qxx_ReadStatusRegister	24	static
w25qxx.c:95:6:W25qxx_WriteStatusRegister	16	static
w25qxx.c:117:6:W25qxx_WaitForWriteEnd	8	static
w25qxx.c:130:6:W25qxx_Init	16	static
w25qxx.c:249:6:W25qxx_EraseChip	8	static
w25qxx.c:270:6:W25qxx_EraseSector	16	static
w25qxx.c:304:6:W25qxx_EraseBlock	16	static
w25qxx.c:340:10:W25qxx_PageToSector	16	static
w25qxx.c:345:10:W25qxx_PageToBlock	16	static
w25qxx.c:350:10:W25qxx_SectorToBlock	16	static
w25qxx.c:355:10:W25qxx_SectorToPage	16	static
w25qxx.c:360:10:W25qxx_BlockToPage	16	static
w25qxx.c:365:6:W25qxx_IsEmptyPage	72	static
w25qxx.c:447:6:W25qxx_IsEmptySector	72	static
w25qxx.c:528:6:W25qxx_IsEmptyBlock	72	static
w25qxx.c:611:6:W25qxx_WriteByte	16	static
w25qxx.c:645:6:W25qxx_WritePage	24	static
w25qxx.c:697:6:W25qxx_WriteSector	40	static
w25qxx.c:736:6:W25qxx_WriteBlock	40	static
w25qxx.c:775:6:W25qxx_ReadByte	16	static
w25qxx.c:807:6:W25qxx_ReadBytes	24	static
w25qxx.c:852:6:W25qxx_ReadPage	24	static
w25qxx.c:902:6:W25qxx_ReadSector	40	static
w25qxx.c:941:6:W25qxx_ReadBlock	40	static
